Component: Arm Compiler for Embedded 6.18 Tool: armlink [5e4cc100]

==============================================================================

Section Cross References

    startup_stm32f103xb.o(RESET) refers to startup_stm32f103xb.o(STACK) for __initial_sp
    startup_stm32f103xb.o(RESET) refers to startup_stm32f103xb.o(.text) for Reset_Handler
    startup_stm32f103xb.o(RESET) refers to stm32f1xx_it.o(.text.NMI_Handler) for NMI_Handler
    startup_stm32f103xb.o(RESET) refers to stm32f1xx_it.o(.text.HardFault_Handler) for HardFault_Handler
    startup_stm32f103xb.o(RESET) refers to stm32f1xx_it.o(.text.MemManage_Handler) for MemManage_Handler
    startup_stm32f103xb.o(RESET) refers to stm32f1xx_it.o(.text.BusFault_Handler) for BusFault_Handler
    startup_stm32f103xb.o(RESET) refers to stm32f1xx_it.o(.text.UsageFault_Handler) for UsageFault_Handler
    startup_stm32f103xb.o(RESET) refers to stm32f1xx_it.o(.text.SVC_Handler) for SVC_Handler
    startup_stm32f103xb.o(RESET) refers to stm32f1xx_it.o(.text.DebugMon_Handler) for DebugMon_Handler
    startup_stm32f103xb.o(RESET) refers to stm32f1xx_it.o(.text.PendSV_Handler) for PendSV_Handler
    startup_stm32f103xb.o(RESET) refers to stm32f1xx_it.o(.text.SysTick_Handler) for SysTick_Handler
    startup_stm32f103xb.o(RESET) refers to stm32f1xx_it.o(.text.TIM3_IRQHandler) for TIM3_IRQHandler
    startup_stm32f103xb.o(RESET) refers to stm32f1xx_it.o(.text.USART1_IRQHandler) for USART1_IRQHandler
    startup_stm32f103xb.o(.text) refers to system_stm32f1xx.o(.text.SystemInit) for SystemInit
    startup_stm32f103xb.o(.text) refers to entry.o(.ARM.Collect$$$$00000000) for __main
    main.o(.text.fputc) refers to usart.o(.bss.huart1) for huart1
    main.o(.text.fputc) refers to stm32f1xx_hal_uart.o(.text.HAL_UART_Transmit) for HAL_UART_Transmit
    main.o(.ARM.exidx.text.fputc) refers to main.o(.text.fputc) for [Anonymous Symbol]
    main.o(.text.main) refers to stm32f1xx_hal.o(.text.HAL_Init) for HAL_Init
    main.o(.text.main) refers to memseta.o(.text) for __aeabi_memclr4
    main.o(.text.main) refers to stm32f1xx_hal_rcc.o(.text.HAL_RCC_OscConfig) for HAL_RCC_OscConfig
    main.o(.text.main) refers to stm32f1xx_hal_rcc.o(.text.HAL_RCC_ClockConfig) for HAL_RCC_ClockConfig
    main.o(.text.main) refers to gpio.o(.text.MX_GPIO_Init) for MX_GPIO_Init
    main.o(.text.main) refers to usart.o(.text.MX_USART1_UART_Init) for MX_USART1_UART_Init
    main.o(.text.main) refers to tim.o(.text.MX_TIM3_Init) for MX_TIM3_Init
    main.o(.text.main) refers to main.o(.bss.bmi270_ins) for bmi270_ins
    main.o(.text.main) refers to bmi270.o(.text.BMI270_Init) for BMI270_Init
    main.o(.text.main) refers to puts.o(i.puts) for puts
    main.o(.text.main) refers to stm32f1xx_hal.o(.text.HAL_Delay) for HAL_Delay
    main.o(.text.main) refers to tim.o(.bss.htim3) for htim3
    main.o(.text.main) refers to stm32f1xx_hal_tim.o(.text.HAL_TIM_Base_Start_IT) for HAL_TIM_Base_Start_IT
    main.o(.text.main) refers to f2d.o(.text) for __aeabi_f2d
    main.o(.text.main) refers to printfa.o(i.__0printf) for __2printf
    main.o(.ARM.exidx.text.main) refers to main.o(.text.main) for [Anonymous Symbol]
    main.o(.text.SystemClock_Config) refers to memseta.o(.text) for __aeabi_memclr4
    main.o(.text.SystemClock_Config) refers to stm32f1xx_hal_rcc.o(.text.HAL_RCC_OscConfig) for HAL_RCC_OscConfig
    main.o(.text.SystemClock_Config) refers to stm32f1xx_hal_rcc.o(.text.HAL_RCC_ClockConfig) for HAL_RCC_ClockConfig
    main.o(.ARM.exidx.text.SystemClock_Config) refers to main.o(.text.SystemClock_Config) for [Anonymous Symbol]
    main.o(.ARM.exidx.text.Error_Handler) refers to main.o(.text.Error_Handler) for [Anonymous Symbol]
    main.o(.text.HAL_TIM_PeriodElapsedCallback) refers to main.o(.bss.bmi270_ins) for bmi270_ins
    main.o(.text.HAL_TIM_PeriodElapsedCallback) refers to bmi270.o(.text.BMI270_Get_Angle_Plus) for BMI270_Get_Angle_Plus
    main.o(.ARM.exidx.text.HAL_TIM_PeriodElapsedCallback) refers to main.o(.text.HAL_TIM_PeriodElapsedCallback) for [Anonymous Symbol]
    gpio.o(.text.MX_GPIO_Init) refers to stm32f1xx_hal_gpio.o(.text.HAL_GPIO_WritePin) for HAL_GPIO_WritePin
    gpio.o(.text.MX_GPIO_Init) refers to stm32f1xx_hal_gpio.o(.text.HAL_GPIO_Init) for HAL_GPIO_Init
    gpio.o(.ARM.exidx.text.MX_GPIO_Init) refers to gpio.o(.text.MX_GPIO_Init) for [Anonymous Symbol]
    tim.o(.text.MX_TIM3_Init) refers to tim.o(.bss.htim3) for htim3
    tim.o(.text.MX_TIM3_Init) refers to stm32f1xx_hal_tim.o(.text.HAL_TIM_Base_Init) for HAL_TIM_Base_Init
    tim.o(.text.MX_TIM3_Init) refers to main.o(.text.Error_Handler) for Error_Handler
    tim.o(.text.MX_TIM3_Init) refers to stm32f1xx_hal_tim.o(.text.HAL_TIM_ConfigClockSource) for HAL_TIM_ConfigClockSource
    tim.o(.text.MX_TIM3_Init) refers to stm32f1xx_hal_tim_ex.o(.text.HAL_TIMEx_MasterConfigSynchronization) for HAL_TIMEx_MasterConfigSynchronization
[...]
    Removing stm32f1xx_hal_flash.o(.ARM.exidx.text.HAL_FLASH_IRQHandler), (8 bytes).
    Removing stm32f1xx_hal_flash.o(.text.HAL_FLASH_OperationErrorCallback), (2 bytes).
    Removing stm32f1xx_hal_flash.o(.ARM.exidx.text.HAL_FLASH_OperationErrorCallback), (8 bytes).
    Removing stm32f1xx_hal_flash.o(.text.HAL_FLASH_EndOfOperationCallback), (2 bytes).
    Removing stm32f1xx_hal_flash.o(.ARM.exidx.text.HAL_FLASH_EndOfOperationCallback), (8 bytes).
    Removing stm32f1xx_hal_flash.o(.text.HAL_FLASH_Unlock), (46 bytes).
    Removing stm32f1xx_hal_flash.o(.ARM.exidx.text.HAL_FLASH_Unlock), (8 bytes).
    Removing stm32f1xx_hal_flash.o(.text.HAL_FLASH_Lock), (20 bytes).
    Removing stm32f1xx_hal_flash.o(.ARM.exidx.text.HAL_FLASH_Lock), (8 bytes).
    Removing stm32f1xx_hal_flash.o(.text.HAL_FLASH_OB_Unlock), (42 bytes).
    Removing stm32f1xx_hal_flash.o(.ARM.exidx.text.HAL_FLASH_OB_Unlock), (8 bytes).
    Removing stm32f1xx_hal_flash.o(.text.HAL_FLASH_OB_Lock), (20 bytes).
    Removing stm32f1xx_hal_flash.o(.ARM.exidx.text.HAL_FLASH_OB_Lock), (8 bytes).
    Removing stm32f1xx_hal_flash.o(.text.HAL_FLASH_OB_Launch), (8 bytes).
    Removing stm32f1xx_hal_flash.o(.ARM.exidx.text.HAL_FLASH_OB_Launch), (8 bytes).
    Removing stm32f1xx_hal_flash.o(.text.HAL_FLASH_GetError), (12 bytes).
    Removing stm32f1xx_hal_flash.o(.ARM.exidx.text.HAL_FLASH_GetError), (8 bytes).
    Removing stm32f1xx_hal_flash.o(.bss.pFlash), (32 bytes).
    Removing stm32f1xx_hal_flash_ex.o(.text), (0 bytes).
    Removing stm32f1xx_hal_flash_ex.o(.text.HAL_FLASHEx_Erase), (216 bytes).
    Removing stm32f1xx_hal_flash_ex.o(.ARM.exidx.text.HAL_FLASHEx_Erase), (8 bytes).
    Removing stm32f1xx_hal_flash_ex.o(.text.FLASH_PageErase), (40 bytes).
    Removing stm32f1xx_hal_flash_ex.o(.ARM.exidx.text.FLASH_PageErase), (8 bytes).
    Removing stm32f1xx_hal_flash_ex.o(.text.HAL_FLASHEx_Erase_IT), (96 bytes).
    Removing stm32f1xx_hal_flash_ex.o(.ARM.exidx.text.HAL_FLASHEx_Erase_IT), (8 bytes).
    Removing stm32f1xx_hal_flash_ex.o(.text.HAL_FLASHEx_OBErase), (174 bytes).
    Removing stm32f1xx_hal_flash_ex.o(.ARM.exidx.text.HAL_FLASHEx_OBErase), (8 bytes).
    Removing stm32f1xx_hal_flash_ex.o(.text.HAL_FLASHEx_OBProgram), (630 bytes).
    Removing stm32f1xx_hal_flash_ex.o(.ARM.exidx.text.HAL_FLASHEx_OBProgram), (8 bytes).
    Removing stm32f1xx_hal_flash_ex.o(.text.HAL_FLASHEx_OBGetConfig), (42 bytes).
    Removing stm32f1xx_hal_flash_ex.o(.ARM.exidx.text.HAL_FLASHEx_OBGetConfig), (8 bytes).
    Removing stm32f1xx_hal_flash_ex.o(.text.HAL_FLASHEx_OBGetUserData), (34 bytes).
    Removing stm32f1xx_hal_flash_ex.o(.ARM.exidx.text.HAL_FLASHEx_OBGetUserData), (8 bytes).
    Removing stm32f1xx_hal_exti.o(.text), (0 bytes).
    Removing stm32f1xx_hal_exti.o(.text.HAL_EXTI_SetConfigLine), (180 bytes).
    Removing stm32f1xx_hal_exti.o(.ARM.exidx.text.HAL_EXTI_SetConfigLine), (8 bytes).
    Removing stm32f1xx_hal_exti.o(.text.HAL_EXTI_GetConfigLine), (156 bytes).
    Removing stm32f1xx_hal_exti.o(.ARM.exidx.text.HAL_EXTI_GetConfigLine), (8 bytes).
    Removing stm32f1xx_hal_exti.o(.text.HAL_EXTI_ClearConfigLine), (136 bytes).
    Removing stm32f1xx_hal_exti.o(.ARM.exidx.text.HAL_EXTI_ClearConfigLine), (8 bytes).
    Removing stm32f1xx_hal_exti.o(.text.HAL_EXTI_RegisterCallback), (12 bytes).
    Removing stm32f1xx_hal_exti.o(.ARM.exidx.text.HAL_EXTI_RegisterCallback), (8 bytes).
    Removing stm32f1xx_hal_exti.o(.text.HAL_EXTI_GetHandle), (12 bytes).
    Removing stm32f1xx_hal_exti.o(.ARM.exidx.text.HAL_EXTI_GetHandle), (8 bytes).
    Removing stm32f1xx_hal_exti.o(.text.HAL_EXTI_IRQHandler), (44 bytes).
    Removing stm32f1xx_hal_exti.o(.ARM.exidx.text.HAL_EXTI_IRQHandler), (8 bytes).
    Removing stm32f1xx_hal_exti.o(.text.HAL_EXTI_GetPending), (28 bytes).
    Removing stm32f1xx_hal_exti.o(.ARM.exidx.text.HAL_EXTI_GetPending), (8 bytes).
    Removing stm32f1xx_hal_exti.o(.text.HAL_EXTI_ClearPending), (24 bytes).
    Removing stm32f1xx_hal_exti.o(.ARM.exidx.text.HAL_EXTI_ClearPending), (8 bytes).
    Removing stm32f1xx_hal_exti.o(.text.HAL_EXTI_GenerateSWI), (24 bytes).
    Removing stm32f1xx_hal_exti.o(.ARM.exidx.text.HAL_EXTI_GenerateSWI), (8 bytes).
    Removing stm32f1xx_hal_uart.o(.text), (0 bytes).
    Removing stm32f1xx_hal_uart.o(.ARM.exidx.text.HAL_UART_Init), (8 bytes).
    Removing stm32f1xx_hal_uart.o(.text.HAL_UART_MspInit), (2 bytes).
    Removing stm32f1xx_hal_uart.o(.ARM.exidx.text.HAL_UART_MspInit), (8 bytes).
    Removing stm32f1xx_hal_uart.o(.text.HAL_HalfDuplex_Init), (228 bytes).
    Removing stm32f1xx_hal_uart.o(.ARM.exidx.text.HAL_HalfDuplex_Init), (8 bytes).
    Removing stm32f1xx_hal_uart.o(.text.HAL_LIN_Init), (244 bytes).
    Removing stm32f1xx_hal_uart.o(.ARM.exidx.text.HAL_LIN_Init), (8 bytes).
    Removing stm32f1xx_hal_uart.o(.text.HAL_MultiProcessor_Init), (252 bytes).
    Removing stm32f1xx_hal_uart.o(.ARM.exidx.text.HAL_MultiProcessor_Init), (8 bytes).
    Removing stm32f1xx_hal_uart.o(.text.HAL_UART_DeInit), (56 bytes).
    Removing stm32f1xx_hal_uart.o(.ARM.exidx.text.HAL_UART_DeInit), (8 bytes).
    Removing stm32f1xx_hal_uart.o(.text.HAL_UART_MspDeInit), (2 bytes).
    Removing stm32f1xx_hal_uart.o(.ARM.exidx.text.HAL_UART_MspDeInit), (8 bytes).
    Removing stm32f1xx_hal_uart.o(.ARM.exidx.text.HAL_UART_Transmit), (8 bytes).
    Removing stm32f1xx_hal_uart.o(.text.HAL_UART_Receive), (336 bytes).
    Removing stm32f1xx_hal_uart.o(.ARM.exidx.text.HAL_UART_Receive), (8 bytes).
    Removing stm32f1xx_hal_uart.o(.text.HAL_UART_Transmit_IT), (56 bytes).
    Removing stm32f1xx_hal_uart.o(.ARM.exidx.text.HAL_UART_Transmit_IT), (8 bytes).
    Removing stm32f1xx_hal_uart.o(.text.HAL_UART_Receive_IT), (84 bytes).
    Removing stm32f1xx_hal_uart.o(.ARM.exidx.text.HAL_UART_Receive_IT), (8 bytes).
    Removing stm32f1xx_hal_uart.o(.text.UART_Start_Receive_IT), (52 bytes).
    Removing stm32f1xx_hal_uart.o(.ARM.exidx.text.UART_Start_Receive_IT), (8 bytes).
    Removing stm32f1xx_hal_uart.o(.text.HAL_UART_Transmit_DMA), (124 bytes).
    Removing stm32f1xx_hal_uart.o(.ARM.exidx.text.HAL_UART_Transmit_DMA), (8 bytes).
    Removing stm32f1xx_hal_uart.o(.text.UART_DMATransmitCplt), (64 bytes).
    Removing stm32f1xx_hal_uart.o(.ARM.exidx.text.UART_DMATransmitCplt), (8 bytes).
    Removing stm32f1xx_hal_uart.o(.text.UART_DMATxHalfCplt), (10 bytes).
    Removing stm32f1xx_hal_uart.o(.ARM.exidx.text.UART_DMATxHalfCplt), (8 bytes).
    Removing stm32f1xx_hal_uart.o(.text.UART_DMAError), (168 bytes).
    Removing stm32f1xx_hal_uart.o(.ARM.exidx.text.UART_DMAError), (8 bytes).
    Removing stm32f1xx_hal_uart.o(.text.HAL_UART_Receive_DMA), (182 bytes).
    Removing stm32f1xx_hal_uart.o(.ARM.exidx.text.HAL_UART_Receive_DMA), (8 bytes).
    Removing stm32f1xx_hal_uart.o(.text.UART_Start_Receive_DMA), (150 bytes).
    Removing stm32f1xx_hal_uart.o(.ARM.exidx.text.UART_Start_Receive_DMA), (8 bytes).
    Removing stm32f1xx_hal_uart.o(.text.HAL_UART_DMAPause), (124 bytes).
    Removing stm32f1xx_hal_uart.o(.ARM.exidx.text.HAL_UART_DMAPause), (8 bytes).
    Removing stm32f1xx_hal_uart.o(.text.HAL_UART_DMAResume), (126 bytes).
    Removing stm32f1xx_hal_uart.o(.ARM.exidx.text.HAL_UART_DMAResume), (8 bytes).
    Removing stm32f1xx_hal_uart.o(.text.HAL_UART_DMAStop), (214 bytes).
    Removing stm32f1xx_hal_uart.o(.ARM.exidx.text.HAL_UART_DMAStop), (8 bytes).
    Removing stm32f1xx_hal_uart.o(.text.HAL_UARTEx_ReceiveToIdle), (278 bytes).
    Removing stm32f1xx_hal_uart.o(.ARM.exidx.text.HAL_UARTEx_ReceiveToIdle), (8 bytes).
    Removing stm32f1xx_hal_uart.o(.text.HAL_UARTEx_ReceiveToIdle_IT), (132 bytes).
    Removing stm32f1xx_hal_uart.o(.ARM.exidx.text.HAL_UARTEx_ReceiveToIdle_IT), (8 bytes).
    Removing stm32f1xx_hal_uart.o(.text.HAL_UARTEx_ReceiveToIdle_DMA), (236 bytes).
    Removing stm32f1xx_hal_uart.o(.ARM.exidx.text.HAL_UARTEx_ReceiveToIdle_DMA), (8 bytes).
    Removing stm32f1xx_hal_uart.o(.text.HAL_UARTEx_GetRxEventType), (4 bytes).
    Removing stm32f1xx_hal_uart.o(.ARM.exidx.text.HAL_UARTEx_GetRxEventType), (8 bytes).
    Removing stm32f1xx_hal_uart.o(.text.HAL_UART_Abort), (206 bytes).
    Removing stm32f1xx_hal_uart.o(.ARM.exidx.text.HAL_UART_Abort), (8 bytes).
    Removing stm32f1xx_hal_uart.o(.text.HAL_UART_AbortTransmit), (96 bytes).
    Removing stm32f1xx_hal_uart.o(.ARM.exidx.text.HAL_UART_AbortTransmit), (8 bytes).
    Removing stm32f1xx_hal_uart.o(.text.HAL_UART_AbortReceive), (146 bytes).
    Removing stm32f1xx_hal_uart.o(.ARM.exidx.text.HAL_UART_AbortReceive), (8 bytes).
    Removing stm32f1xx_hal_uart.o(.text.HAL_UART_Abort_IT), (248 bytes).
    Removing stm32f1xx_hal_uart.o(.ARM.exidx.text.HAL_UART_Abort_IT), (8 bytes).
    Removing stm32f1xx_hal_uart.o(.text.UART_DMATxAbortCallback), (46 bytes).
    Removing stm32f1xx_hal_uart.o(.ARM.exidx.text.UART_DMATxAbortCallback), (8 bytes).
    Removing stm32f1xx_hal_uart.o(.text.UART_DMARxAbortCallback), (46 bytes).
    Removing stm32f1xx_hal_uart.o(.ARM.exidx.text.UART_DMARxAbortCallback), (8 bytes).
    Removing stm32f1xx_hal_uart.o(.text.HAL_UART_AbortCpltCallback), (2 bytes).
    Removing stm32f1xx_hal_uart.o(.ARM.exidx.text.HAL_UART_AbortCpltCallback), (8 bytes).
    Removing stm32f1xx_hal_uart.o(.text.HAL_UART_AbortTransmit_IT), (124 bytes).
    Removing stm32f1xx_hal_uart.o(.ARM.exidx.text.HAL_UART_AbortTransmit_IT), (8 bytes).
    Removing stm32f1xx_hal_uart.o(.text.UART_DMATxOnlyAbortCallback), (20 bytes).
    Removing stm32f1xx_hal_uart.o(.ARM.exidx.text.UART_DMATxOnlyAbortCallback), (8 bytes).
    Removing stm32f1xx_hal_uart.o(.text.HAL_UART_AbortTransmitCpltCallback), (2 bytes).
    Removing stm32f1xx_hal_uart.o(.ARM.exidx.text.HAL_UART_AbortTransmitCpltCallback), (8 bytes).
    Removing stm32f1xx_hal_uart.o(.text.HAL_UART_AbortReceive_IT), (178 bytes).
    Removing stm32f1xx_hal_uart.o(.ARM.exidx.text.HAL_UART_AbortReceive_IT), (8 bytes).
    Removing stm32f1xx_hal_uart.o(.text.UART_DMARxOnlyAbortCallback), (22 bytes).
    Removing stm32f1xx_hal_uart.o(.ARM.exidx.text.UART_DMARxOnlyAbortCallback), (8 bytes).
    Removing stm32f1xx_hal_uart.o(.text.HAL_UART_AbortReceiveCpltCallback), (2 bytes).
    Removing stm32f1xx_hal_uart.o(.ARM.exidx.text.HAL_UART_AbortReceiveCpltCallback), (8 bytes).
    Removing stm32f1xx_hal_uart.o(.ARM.exidx.text.HAL_UART_IRQHandler), (8 bytes).
    Removing stm32f1xx_hal_uart.o(.ARM.exidx.text.UART_Receive_IT), (8 bytes).
    Removing stm32f1xx_hal_uart.o(.ARM.exidx.text.UART_DMAAbortOnError), (8 bytes).
    Removing stm32f1xx_hal_uart.o(.ARM.exidx.text.HAL_UART_ErrorCallback), (8 bytes).
    Removing stm32f1xx_hal_uart.o(.ARM.exidx.text.HAL_UARTEx_RxEventCallback), (8 bytes).
    Removing stm32f1xx_hal_uart.o(.ARM.exidx.text.HAL_UART_TxCpltCallback), (8 bytes).
    Removing stm32f1xx_hal_uart.o(.text.HAL_UART_TxHalfCpltCallback), (2 bytes).
    Removing stm32f1xx_hal_uart.o(.ARM.exidx.text.HAL_UART_TxHalfCpltCallback), (8 bytes).
    Removing stm32f1xx_hal_uart.o(.ARM.exidx.text.HAL_UART_RxCpltCallback), (8 bytes).
    Removing stm32f1xx_hal_uart.o(.text.HAL_UART_RxHalfCpltCallback), (2 bytes).
    Removing stm32f1xx_hal_uart.o(.ARM.exidx.text.HAL_UART_RxHalfCpltCallback), (8 bytes).
    Removing stm32f1xx_hal_uart.o(.text.HAL_LIN_SendBreak), (60 bytes).
    Removing stm32f1xx_hal_uart.o(.ARM.exidx.text.HAL_LIN_SendBreak), (8 bytes).
    Removing stm32f1xx_hal_uart.o(.text.HAL_MultiProcessor_EnterMuteMode), (62 bytes).
    Removing stm32f1xx_hal_uart.o(.ARM.exidx.text.HAL_MultiProcessor_EnterMuteMode), (8 bytes).
    Removing stm32f1xx_hal_uart.o(.text.HAL_MultiProcessor_ExitMuteMode), (62 bytes).
    Removing stm32f1xx_hal_uart.o(.ARM.exidx.text.HAL_MultiProcessor_ExitMuteMode), (8 bytes).
    Removing stm32f1xx_hal_uart.o(.text.HAL_HalfDuplex_EnableTransmitter), (44 bytes).
    Removing stm32f1xx_hal_uart.o(.ARM.exidx.text.HAL_HalfDuplex_EnableTransmitter), (8 bytes).
    Removing stm32f1xx_hal_uart.o(.text.HAL_HalfDuplex_EnableReceiver), (46 bytes).
    Removing stm32f1xx_hal_uart.o(.ARM.exidx.text.HAL_HalfDuplex_EnableReceiver), (8 bytes).
    Removing stm32f1xx_hal_uart.o(.text.HAL_UART_GetState), (14 bytes).
    Removing stm32f1xx_hal_uart.o(.ARM.exidx.text.HAL_UART_GetState), (8 bytes).
    Removing stm32f1xx_hal_uart.o(.text.HAL_UART_GetError), (4 bytes).
    Removing stm32f1xx_hal_uart.o(.ARM.exidx.text.HAL_UART_GetError), (8 bytes).
    Removing stm32f1xx_hal_uart.o(.text.UART_DMAReceiveCplt), (132 bytes).
    Removing stm32f1xx_hal_uart.o(.ARM.exidx.text.UART_DMAReceiveCplt), (8 bytes).
    Removing stm32f1xx_hal_uart.o(.text.UART_DMARxHalfCplt), (30 bytes).
    Removing stm32f1xx_hal_uart.o(.ARM.exidx.text.UART_DMARxHalfCplt), (8 bytes).
    Removing system_stm32f1xx.o(.text), (0 bytes).
    Removing system_stm32f1xx.o(.ARM.exidx.text.SystemInit), (8 bytes).
    Removing system_stm32f1xx.o(.text.SystemCoreClockUpdate), (110 bytes).
    Removing system_stm32f1xx.o(.ARM.exidx.text.SystemCoreClockUpdate), (8 bytes).
    Removing _myi2c_.o(.text), (0 bytes).
    Removing _myi2c_.o(.text.MyI2C_Init), (66 bytes).
    Removing _myi2c_.o(.ARM.exidx.text.MyI2C_Init), (8 bytes).
    Removing _myi2c_.o(.text.MYI2C_Set_Mode), (14 bytes).
    Removing _myi2c_.o(.ARM.exidx.text.MYI2C_Set_Mode), (8 bytes).
    Removing _myi2c_.o(.text.MYI2C_Write_Reg), (574 bytes).
    Removing _myi2c_.o(.ARM.exidx.text.MYI2C_Write_Reg), (8 bytes).
    Removing _myi2c_.o(.text.MYI2C_Read_Reg), (588 bytes).
    Removing _myi2c_.o(.ARM.exidx.text.MYI2C_Read_Reg), (8 bytes).
    Removing _myi2c_.o(.text.MYI2C_Write_Reg_Continue), (720 bytes).
    Removing _myi2c_.o(.ARM.exidx.text.MYI2C_Write_Reg_Continue), (8 bytes).
    Removing _myi2c_.o(.text.MYI2C_Read_Reg_Continue), (612 bytes).
    Removing _myi2c_.o(.ARM.exidx.text.MYI2C_Read_Reg_Continue), (8 bytes).
    Removing _myi2c_.o(.text.MYI2C_Add_Scan), (248 bytes).
    Removing _myi2c_.o(.ARM.exidx.text.MYI2C_Add_Scan), (8 bytes).
    Removing _myi2c_.o(.text._SI2C_Stop), (48 bytes).
    Removing _myi2c_.o(.ARM.exidx.text._SI2C_Stop), (8 bytes).
    Removing _myi2c_.o(.text._SI2C_ReceiveByte), (88 bytes).
    Removing _myi2c_.o(.ARM.exidx.text._SI2C_ReceiveByte), (8 bytes).
    Removing _myi2c_.o(.bss.P_this), (4 bytes).
    Removing _myspi_.o(.text), (0 bytes).
    Removing _myspi_.o(.ARM.exidx.text.MySPI_Init), (8 bytes).
    Removing _myspi_.o(.ARM.exidx.text.My_SPI_ReadWriteByte), (8 bytes).
    Removing _myspi_.o(.text.MySPI_ReadReg), (112 bytes).
    Removing _myspi_.o(.ARM.exidx.text.MySPI_ReadReg), (8 bytes).
    Removing _myspi_.o(.ARM.exidx.text.MySPI_WriteReg), (8 bytes).
    Removing _myspi_.o(.ARM.exidx.text.MySPI_WriteReg_Continue), (8 bytes).
    Removing _myspi_.o(.ARM.exidx.text.MySPI_ReadReg_Continue), (8 bytes).
    Removing filter.o(.text), (0 bytes).
    Removing filter.o(.text.pt2FilterInit), (214 bytes).
    Removing filter.o(.ARM.exidx.text.pt2FilterInit), (8 bytes).
    Removing filter.o(.text.pt2FilterApply), (150 bytes).
    Removing filter.o(.ARM.exidx.text.pt2FilterApply), (8 bytes).
    Removing filter.o(.text.KalmanFilter_Init), (10 bytes).
    Removing filter.o(.ARM.exidx.text.KalmanFilter_Init), (8 bytes).
    Removing filter.o(.text.KalmanFilter_Update), (96 bytes).
    Removing filter.o(.ARM.exidx.text.KalmanFilter_Update), (8 bytes).
    Removing bmi270.o(.text), (0 bytes).
    Removing bmi270.o(.text.bmi270_read_reg), (22 bytes).
    Removing bmi270.o(.ARM.exidx.text.bmi270_read_reg), (8 bytes).
    Removing bmi270.o(.ARM.exidx.text.BMI270_Init), (8 bytes).
    Removing bmi270.o(.text.BMI270_get_real_temp), (86 bytes).
    Removing bmi270.o(.ARM.exidx.text.BMI270_get_real_temp), (8 bytes).
    Removing bmi270.o(.text.BMI270_Get_RawData), (58 bytes).
    Removing bmi270.o(.ARM.exidx.text.BMI270_Get_RawData), (8 bytes).
    Removing bmi270.o(.ARM.exidx.text.BMI270_Get_Angle_Plus), (8 bytes).
    Removing bmi270.o(.text.BMI270_Get_Raw_temp), (28 bytes).
    Removing bmi270.o(.ARM.exidx.text.BMI270_Get_Raw_temp), (8 bytes).
    Removing bmi270.o(.text.BMI270_Get_ID), (24 bytes).
    Removing bmi270.o(.ARM.exidx.text.BMI270_Get_ID), (8 bytes).
    Removing bmi270.o(.rodata.bmi270_dt), (4 bytes).
    Removing bmi270.o(.bss.bmi270_iic_bus), (16 bytes).
    Removing frnd.o(.text), (60 bytes).
    Removing ffixi.o(.text), (50 bytes).
    Removing ffltui.o(.text), (10 bytes).

740 unused section(s) (total 38828 bytes) removed from the image.

==============================================================================

Image Symbol Table

    Local Symbols

    Symbol Name                              Value     Ov Type        Size  Object(Section)

    ../clib/division.s                       0x00000000   Number         0  aeabi_sdiv.o ABSOLUTE
    ../clib/microlib/division.c              0x00000000   Number         0  uidiv.o ABSOLUTE
    ../clib/microlib/division.c              0x00000000   Number         0  uldiv.o ABSOLUTE
    ../clib/microlib/errno.c                 0x00000000   Number         0  errno.o ABSOLUTE
    ../clib/microlib/init/entry.s            0x00000000   Number         0  entry.o ABSOLUTE
    ../clib/microlib/init/entry.s            0x00000000   Number         0  entry2.o ABSOLUTE
    ../clib/microlib/init/entry.s            0x00000000   Number         0  entry5.o ABSOLUTE
    ../clib/microlib/init/entry.s            0x00000000   Number         0  entry7a.o ABSOLUTE
    ../clib/microlib/init/entry.s            0x00000000   Number         0  entry7b.o ABSOLUTE
    ../clib/microlib/init/entry.s            0x00000000   Number         0  entry8a.o ABSOLUTE
    ../clib/microlib/init/entry.s            0x00000000   Number         0  entry8b.o ABSOLUTE
    ../clib/microlib/init/entry.s            0x00000000   Number         0  entry9a.o ABSOLUTE
    ../clib/microlib/init/entry.s            0x00000000   Number         0  entry9b.o ABSOLUTE
    ../clib/microlib/init/entry.s            0x00000000   Number         0  entry10a.o ABSOLUTE
    ../clib/microlib/init/entry.s            0x00000000   Number         0  entry10b.o ABSOLUTE
    ../clib/microlib/init/entry.s            0x00000000   Number         0  entry11a.o ABSOLUTE
    ../clib/microlib/init/entry.s            0x00000000   Number         0  entry11b.o ABSOLUTE
    ../clib/microlib/longlong.c              0x00000000   Number         0  llshl.o ABSOLUTE
    ../clib/microlib/longlong.c              0x00000000   Number         0  llushr.o ABSOLUTE
    ../clib/microlib/longlong.c              0x00000000   Number         0  llsshr.o ABSOLUTE
    ../clib/microlib/printf/printf.c         0x00000000   Number         0  printfb.o ABSOLUTE
    ../clib/microlib/printf/printf.c         0x00000000   Number         0  printf0.o ABSOLUTE
    ../clib/microlib/printf/printf.c         0x00000000   Number         0  printf1.o ABSOLUTE
    ../clib/microlib/printf/printf.c         0x00000000   Number         0  printf2.o ABSOLUTE
    ../clib/microlib/printf/printf.c         0x00000000   Number         0  printf3.o ABSOLUTE
    ../clib/microlib/printf/printf.c         0x00000000   Number         0  printf4.o ABSOLUTE
    ../clib/microlib/printf/printf.c         0x00000000   Number         0  printf5.o ABSOLUTE
    ../clib/microlib/printf/printf.c         0x00000000   Number         0  printf6.o ABSOLUTE
    ../clib/microlib/printf/printf.c         0x00000000   Number         0  printf7.o ABSOLUTE
    ../clib/microlib/printf/printf.c         0x00000000   Number         0  printf8.o ABSOLUTE
    ../clib/microlib/printf/printf.c         0x00000000   Number         0  printfa.o ABSOLUTE
    ../clib/microlib/printf/stubs.s          0x00000000   Number         0  printfstubs.o ABSOLUTE
    ../clib/microlib/stdio/puts.c            0x00000000   Number         0  puts.o ABSOLUTE
    ../clib/microlib/stdio/puts.c            0x00000000   Number         0  puts_e.o ABSOLUTE
    ../clib/microlib/stdio/streams.c         0x00000000   Number         0  stdout.o ABSOLUTE
    ../clib/microlib/string/memset.c         0x00000000   Number         0  memseta.o ABSOLUTE
    ../clib/microlib/stubs.s                 0x00000000   Number         0  iusefp.o ABSOLUTE
    ../fplib/microlib/f2d.c                  0x00000000   Number         0  f2d.o ABSOLUTE
    ../fplib/microlib/fpadd.c                0x00000000   Number         0  fadd.o ABSOLUTE
    ../fplib/microlib/fpadd.c                0x00000000   Number         0  dadd.o ABSOLUTE
    ../fplib/microlib/fpcmp.c                0x00000000   Number         0  fcmple.o ABSOLUTE
    ../fplib/microlib/fpcmp.c                0x00000000   Number         0  fcmpge.o ABSOLUTE
    ../fplib/microlib/fpcmp.c                0x00000000   Number         0  fcmpgt.o ABSOLUTE
    ../fplib/microlib/fpcmp4.c               0x00000000   Number         0  fcmp4.o ABSOLUTE
    ../fplib/microlib/fpdiv.c                0x00000000   Number         0  fdiv.o ABSOLUTE
    ../fplib/microlib/fpdiv.c                0x00000000   Number         0  ddiv.o ABSOLUTE
    ../fplib/microlib/fpepilogue.c           0x00000000   Number         0  fepilogue.o ABSOLUTE
    ../fplib/microlib/fpepilogue.c           0x00000000   Number         0  depilogue.o ABSOLUTE
    ../fplib/microlib/fpfix.c                0x00000000   Number         0  ffixi.o ABSOLUTE
    ../fplib/microlib/fpfix.c                0x00000000   Number         0  dfixul.o ABSOLUTE
    ../fplib/microlib/fpflt.c                0x00000000   Number         0  fflti.o ABSOLUTE
    ../fplib/microlib/fpflt.c                0x00000000   Number         0  ffltui.o ABSOLUTE
    ../fplib/microlib/fpmul.c                0x00000000   Number         0  fmul.o ABSOLUTE
    ../fplib/microlib/fpmul.c                0x00000000   Number         0  dmul.o ABSOLUTE
    ../fplib/microlib/fprnd.c                0x00000000   Number         0  frnd.o ABSOLUTE
    ../fplib/microlib/fpscalb.c              0x00000000   Number         0  fscalb.o ABSOLUTE
    ../fplib/microlib/fpsqrt.c               0x00000000   Number         0  fsqrt.o ABSOLUTE
    ../mathlib/asinf.c                       0x00000000   Number         0  asinf.o ABSOLUTE
    ../mathlib/atan2f.c                      0x00000000   Number         0  atan2f.o ABSOLUTE
    ../mathlib/fmax.c                        0x00000000   Number         0  fmaxf.o ABSOLUTE
    ../mathlib/fpclassifyf.c                 0x00000000   Number         0  fpclassifyf.o ABSOLUTE
    ../mathlib/funder.c                      0x00000000   Number         0  funder.o ABSOLUTE
    ../mathlib/rredf.c                       0x00000000   Number         0  rredf.o ABSOLUTE
    ../mathlib/sqrtf.c                       0x00000000   Number         0  sqrtf.o ABSOLUTE
    ../mathlib/tanf.c                        0x00000000   Number         0  tanf.o ABSOLUTE
    BMI270.c                                 0x00000000   Number         0  bmi270.o ABSOLUTE
    _MyI2C_.c                                0x00000000   Number         0  _myi2c_.o ABSOLUTE
    _MySPI_.c                                0x00000000   Number         0  _myspi_.o ABSOLUTE
    cdrcmple.s                               0x00000000   Number         0  cdrcmple.o ABSOLUTE
    dc.s                                     0x00000000   Number         0  dc.o ABSOLUTE
    filter.c                                 0x00000000   Number         0  filter.o ABSOLUTE
    gpio.c                                   0x00000000   Number         0  gpio.o ABSOLUTE
    handlers.s                               0x00000000   Number         0  handlers.o ABSOLUTE
    init.s                                   0x00000000   Number         0  init.o ABSOLUTE
    main.c                                   0x00000000   Number         0  main.o ABSOLUTE
    startup_stm32f103xb.s                    0x00000000   Number         0  startup_stm32f103xb.o ABSOLUTE
    stm32f1xx_hal.c                          0x00000000   Number         0  stm32f1xx_hal.o ABSOLUTE
    stm32f1xx_hal_cortex.c                   0x00000000   Number         0  stm32f1xx_hal_cortex.o ABSOLUTE
    stm32f1xx_hal_dma.c                      0x00000000   Number         0  stm32f1xx_hal_dma.o ABSOLUTE
    stm32f1xx_hal_exti.c                     0x00000000   Number         0  stm32f1xx_hal_exti.o ABSOLUTE
    stm32f1xx_hal_flash.c                    0x00000000   Number         0  stm32f1xx_hal_flash.o ABSOLUTE
    stm32f1xx_hal_flash_ex.c                 0x00000000   Number         0  stm32f1xx_hal_flash_ex.o ABSOLUTE
    stm32f1xx_hal_gpio.c                     0x00000000   Number         0  stm32f1xx_hal_gpio.o ABSOLUTE
    stm32f1xx_hal_gpio_ex.c                  0x00000000   Number         0  stm32f1xx_hal_gpio_ex.o ABSOLUTE
    stm32f1xx_hal_msp.c                      0x00000000   Number         0  stm32f1xx_hal_msp.o ABSOLUTE
    stm32f1xx_hal_pwr.c                      0x00000000   Number         0  stm32f1xx_hal_pwr.o ABSOLUTE
    stm32f1xx_hal_rcc.c                      0x00000000   Number         0  stm32f1xx_hal_rcc.o ABSOLUTE
    stm32f1xx_hal_rcc_ex.c                   0x00000000   Number         0  stm32f1xx_hal_rcc_ex.o ABSOLUTE
    stm32f1xx_hal_tim.c                      0x00000000   Number         0  stm32f1xx_hal_tim.o ABSOLUTE
    stm32f1xx_hal_tim_ex.c                   0x00000000   Number         0  stm32f1xx_hal_tim_ex.o ABSOLUTE
    stm32f1xx_hal_uart.c                     0x00000000   Number         0  stm32f1xx_hal_uart.o ABSOLUTE
    stm32f1xx_it.c                           0x00000000   Number         0  stm32f1xx_it.o ABSOLUTE
    system_stm32f1xx.c                       0x00000000   Number         0  system_stm32f1xx.o ABSOLUTE
    tim.c                                    0x00000000   Number         0  tim.o ABSOLUTE
    usart.c                                  0x00000000   Number         0  usart.o ABSOLUTE
    RESET                                    0x08000000   Section      236  startup_stm32f103xb.o(RESET)
    .ARM.Collect$$$$00000000                 0x080000ec   Section        0  entry.o(.ARM.Collect$$$$00000000)
    .ARM.Collect$$$$00000001                 0x080000ec   Section        4  entry2.o(.ARM.Collect$$$$00000001)
    .ARM.Collect$$$$00000004                 0x080000f0   Section        4  entry5.o(.ARM.Collect$$$$00000004)
    .ARM.Collect$$$$00000008                 0x080000f4   Section        0  entry7b.o(.ARM.Collect$$$$00000008)
    .ARM.Collect$$$$0000000A                 0x080000f4   Section        0  entry8b.o(.ARM.Collect$$$$0000000A)
    .ARM.Collect$$$$0000000B                 0x080000f4   Section        8  entry9a.o(.ARM.Collect$$$$0000000B)
    __lit__00000000                          0x080000fc   Data           4  entry2.o(.ARM.Collect$$$$00002712)
    .ARM.Collect$$$$0000000D                 0x080000fc   Section        0  entry10a.o(.ARM.Collect$$$$0000000D)
    .ARM.Collect$$$$0000000F                 0x080000fc   Section        0  entry11a.o(.ARM.Collect$$$$0000000F)
    .ARM.Collect$$$$00002712                 0x080000fc   Section        4  entry2.o(.ARM.Collect$$$$00002712)
    .text                                    0x08000100   Section       36  startup_stm32f103xb.o(.text)
    .text                                    0x08000124   Section        0  memseta.o(.text)
    .text                                    0x08000148   Section        0  fadd.o(.text)
    .text                                    0x080001f8   Section        0  fmul.o(.text)
    .text                                    0x0800025c   Section        0  fdiv.o(.text)
    .text                                    0x080002d8   Section        0  fcmple.o(.text)
    .text                                    0x080002f4   Section        0  fcmpge.o(.text)
    .text                                    0x08000310   Section        0  fcmpgt.o(.text)
    .text                                    0x0800032c   Section        0  fflti.o(.text)
    .text                                    0x0800033e   Section        0  f2d.o(.text)
    .text                                    0x08000364   Section        0  uidiv.o(.text)
    .text                                    0x08000390   Section        0  uldiv.o(.text)
    .text                                    0x080003f2   Section        0  iusefp.o(.text)
    .text                                    0x080003f2   Section        0  fepilogue.o(.text)
    .text                                    0x08000460   Section        0  fscalb.o(.text)
    .text                                    0x08000478   Section        0  dadd.o(.text)
    .text                                    0x080005c6   Section        0  dmul.o(.text)
    .text                                    0x080006aa   Section        0  ddiv.o(.text)
    .text                                    0x08000788   Section        0  dfixul.o(.text)
    .text                                    0x080007b8   Section       48  cdrcmple.o(.text)
    .text                                    0x080007e8   Section        0  fcmp4.o(.text)
    .text                                    0x08000820   Section       36  init.o(.text)
    .text                                    0x08000844   Section        0  llshl.o(.text)
    .text                                    0x08000862   Section        0  llushr.o(.text)
    .text                                    0x08000882   Section        0  llsshr.o(.text)
    .text                                    0x080008a6   Section        0  fsqrt.o(.text)
    .text                                    0x08000904   Section        0  depilogue.o(.text)
    [Anonymous Symbol]                       0x080009c0   Section        0  bmi270.o(.text.BMI270_Get_Angle_Plus)
    [Anonymous Symbol]                       0x0800108c   Section        0  bmi270.o(.text.BMI270_Init)
    [Anonymous Symbol]                       0x08001170   Section        0  stm32f1xx_it.o(.text.BusFault_Handler)
    [Anonymous Symbol]                       0x08001174   Section        0  stm32f1xx_it.o(.text.DebugMon_Handler)
    [Anonymous Symbol]                       0x08001178   Section        0  main.o(.text.Error_Handler)
    [Anonymous Symbol]                       0x08001184   Section        0  stm32f1xx_hal_dma.o(.text.HAL_DMA_Abort)
    [Anonymous Symbol]                       0x080011c4   Section        0  stm32f1xx_hal_dma.o(.text.HAL_DMA_Abort_IT)
    [Anonymous Symbol]                       0x08001270   Section        0  stm32f1xx_hal.o(.text.HAL_Delay)
    [Anonymous Symbol]                       0x08001298   Section        0  stm32f1xx_hal_gpio.o(.text.HAL_GPIO_Init)
    [Anonymous Symbol]                       0x08001494   Section        0  stm32f1xx_hal_gpio.o(.text.HAL_GPIO_ReadPin)
    [Anonymous Symbol]                       0x080014a0   Section        0  stm32f1xx_hal_gpio.o(.text.HAL_GPIO_WritePin)
    [Anonymous Symbol]                       0x080014ac   Section        0  stm32f1xx_hal.o(.text.HAL_GetTick)
    [Anonymous Symbol]                       0x080014b8   Section        0  stm32f1xx_hal.o(.text.HAL_IncTick)
    [Anonymous Symbol]                       0x080014d4   Section        0  stm32f1xx_hal.o(.text.HAL_Init)
    [Anonymous Symbol]                       0x080014fc   Section        0  stm32f1xx_hal.o(.text.HAL_InitTick)
    [Anonymous Symbol]                       0x0800154c   Section        0  stm32f1xx_hal_msp.o(.text.HAL_MspInit)
    [Anonymous Symbol]                       0x08001590   Section        0  stm32f1xx_hal_cortex.o(.text.HAL_NVIC_EnableIRQ)
    [Anonymous Symbol]                       0x080015b0   Section        0  stm32f1xx_hal_cortex.o(.text.HAL_NVIC_SetPriority)
    [Anonymous Symbol]                       0x08001608   Section        0  stm32f1xx_hal_cortex.o(.text.HAL_NVIC_SetPriorityGrouping)
    [Anonymous Symbol]                       0x08001628   Section        0  stm32f1xx_hal_rcc.o(.text.HAL_RCC_ClockConfig)
    [Anonymous Symbol]                       0x080017e4   Section        0  stm32f1xx_hal_rcc.o(.text.HAL_RCC_GetPCLK1Freq)
    [Anonymous Symbol]                       0x0800180c   Section        0  stm32f1xx_hal_rcc.o(.text.HAL_RCC_GetPCLK2Freq)
    [Anonymous Symbol]                       0x08001834   Section        0  stm32f1xx_hal_rcc.o(.text.HAL_RCC_OscConfig)
    [Anonymous Symbol]                       0x08001b64   Section        0  stm32f1xx_hal_cortex.o(.text.HAL_SYSTICK_Config)
    [Anonymous Symbol]                       0x08001b90   Section        0  stm32f1xx_hal_tim_ex.o(.text.HAL_TIMEx_BreakCallback)
    [Anonymous Symbol]                       0x08001b94   Section        0  stm32f1xx_hal_tim_ex.o(.text.HAL_TIMEx_CommutCallback)
    [Anonymous Symbol]                       0x08001b98   Section        0  stm32f1xx_hal_tim_ex.o(.text.HAL_TIMEx_MasterConfigSynchronization)
    [Anonymous Symbol]                       0x08001c10   Section        0  stm32f1xx_hal_tim.o(.text.HAL_TIM_Base_Init)
    [Anonymous Symbol]                       0x08001cf8   Section        0  tim.o(.text.HAL_TIM_Base_MspInit)
    [Anonymous Symbol]                       0x08001d3c   Section        0  stm32f1xx_hal_tim.o(.text.HAL_TIM_Base_Start_IT)
    [Anonymous Symbol]                       0x08001da4   Section        0  stm32f1xx_hal_tim.o(.text.HAL_TIM_ConfigClockSource)
    [Anonymous Symbol]                       0x08001f40   Section        0  stm32f1xx_hal_tim.o(.text.HAL_TIM_IC_CaptureCallback)
    [Anonymous Symbol]                       0x08001f44   Section        0  stm32f1xx_hal_tim.o(.text.HAL_TIM_IRQHandler)
    [Anonymous Symbol]                       0x0800208c   Section        0  stm32f1xx_hal_tim.o(.text.HAL_TIM_OC_DelayElapsedCallback)
    [Anonymous Symbol]                       0x08002090   Section        0  stm32f1xx_hal_tim.o(.text.HAL_TIM_PWM_PulseFinishedCallback)
    [Anonymous Symbol]                       0x08002094   Section        0  main.o(.text.HAL_TIM_PeriodElapsedCallback)
    [Anonymous Symbol]                       0x080020b4   Section        0  stm32f1xx_hal_tim.o(.text.HAL_TIM_TriggerCallback)
    [Anonymous Symbol]                       0x080020b8   Section        0  stm32f1xx_hal_uart.o(.text.HAL_UARTEx_RxEventCallback)
    [Anonymous Symbol]                       0x080020bc   Section        0  stm32f1xx_hal_uart.o(.text.HAL_UART_ErrorCallback)
    [Anonymous Symbol]                       0x080020c0   Section        0  stm32f1xx_hal_uart.o(.text.HAL_UART_IRQHandler)
    [Anonymous Symbol]                       0x080023b4   Section        0  stm32f1xx_hal_uart.o(.text.HAL_UART_Init)
    [Anonymous Symbol]                       0x08002490   Section        0  usart.o(.text.HAL_UART_MspInit)
    [Anonymous Symbol]                       0x08002520   Section        0  stm32f1xx_hal_uart.o(.text.HAL_UART_RxCpltCallback)
    [Anonymous Symbol]                       0x08002524   Section        0  stm32f1xx_hal_uart.o(.text.HAL_UART_Transmit)
    [Anonymous Symbol]                       0x08002614   Section        0  stm32f1xx_hal_uart.o(.text.HAL_UART_TxCpltCallback)
    [Anonymous Symbol]                       0x08002618   Section        0  stm32f1xx_it.o(.text.HardFault_Handler)
    [Anonymous Symbol]                       0x0800261c   Section        0  gpio.o(.text.MX_GPIO_Init)
    [Anonymous Symbol]                       0x080026d4   Section        0  tim.o(.text.MX_TIM3_Init)
    [Anonymous Symbol]                       0x08002750   Section        0  usart.o(.text.MX_USART1_UART_Init)
    [Anonymous Symbol]                       0x08002788   Section        0  stm32f1xx_it.o(.text.MemManage_Handler)
    [Anonymous Symbol]                       0x0800278c   Section        0  _myspi_.o(.text.MySPI_Init)
    [Anonymous Symbol]                       0x080027ac   Section        0  _myspi_.o(.text.MySPI_ReadReg_Continue)
    [Anonymous Symbol]                       0x08002844   Section        0  _myspi_.o(.text.MySPI_WriteReg)
    [Anonymous Symbol]                       0x08002878   Section        0  _myspi_.o(.text.MySPI_WriteReg_Continue)
    [Anonymous Symbol]                       0x080028c0   Section        0  _myspi_.o(.text.My_SPI_ReadWriteByte)
    [Anonymous Symbol]                       0x08002920   Section        0  stm32f1xx_it.o(.text.NMI_Handler)
    [Anonymous Symbol]                       0x08002924   Section        0  stm32f1xx_it.o(.text.PendSV_Handler)
    [Anonymous Symbol]                       0x08002928   Section        0  stm32f1xx_it.o(.text.SVC_Handler)
    [Anonymous Symbol]                       0x0800292c   Section        0  stm32f1xx_it.o(.text.SysTick_Handler)
    [Anonymous Symbol]                       0x08002934   Section        0  system_stm32f1xx.o(.text.SystemInit)
    [Anonymous Symbol]                       0x08002938   Section        0  stm32f1xx_it.o(.text.TIM3_IRQHandler)
    UART_DMAAbortOnError                     0x08002949   Thumb Code    16  stm32f1xx_hal_uart.o(.text.UART_DMAAbortOnError)
    [Anonymous Symbol]                       0x08002948   Section        0  stm32f1xx_hal_uart.o(.text.UART_DMAAbortOnError)
    UART_Receive_IT                          0x08002959   Thumb Code   200  stm32f1xx_hal_uart.o(.text.UART_Receive_IT)
    [Anonymous Symbol]                       0x08002958   Section        0  stm32f1xx_hal_uart.o(.text.UART_Receive_IT)
    [Anonymous Symbol]                       0x08002a20   Section        0  stm32f1xx_it.o(.text.USART1_IRQHandler)
    [Anonymous Symbol]                       0x08002a30   Section        0  stm32f1xx_it.o(.text.UsageFault_Handler)
    [Anonymous Symbol]                       0x08002a34   Section        0  main.o(.text.fputc)
    [Anonymous Symbol]                       0x08002a54   Section        0  main.o(.text.main)
    i.__0printf                              0x08002b6c   Section        0  printfa.o(i.__0printf)
    i.__ARM_fpclassifyf                      0x08002b8c   Section        0  fpclassifyf.o(i.__ARM_fpclassifyf)
    i.__mathlib_flt_infnan                   0x08002bb2   Section        0  funder.o(i.__mathlib_flt_infnan)
    i.__mathlib_flt_infnan2                  0x08002bb8   Section        0  funder.o(i.__mathlib_flt_infnan2)
    i.__mathlib_flt_invalid                  0x08002bbc   Section        0  funder.o(i.__mathlib_flt_invalid)
    i.__mathlib_flt_underflow                0x08002bc4   Section        0  funder.o(i.__mathlib_flt_underflow)
    i.__scatterload_copy                     0x08002bce   Section       14  handlers.o(i.__scatterload_copy)
    i.__scatterload_null                     0x08002bdc   Section        2  handlers.o(i.__scatterload_null)
    i.__scatterload_zeroinit                 0x08002bde   Section       14  handlers.o(i.__scatterload_zeroinit)
    i.__set_errno                            0x08002bec   Section        0  errno.o(i.__set_errno)
    _fp_digits                               0x08002bf9   Thumb Code   366  printfa.o(i._fp_digits)
    i._fp_digits                             0x08002bf8   Section        0  printfa.o(i._fp_digits)
    _printf_core                             0x08002d7d   Thumb Code  1744  printfa.o(i._printf_core)
    i._printf_core                           0x08002d7c   Section        0  printfa.o(i._printf_core)
    _printf_post_padding                     0x08003459   Thumb Code    36  printfa.o(i._printf_post_padding)
    i._printf_post_padding                   0x08003458   Section        0  printfa.o(i._printf_post_padding)
    _printf_pre_padding                      0x0800347d   Thumb Code    46  printfa.o(i._printf_pre_padding)
    i._printf_pre_padding                    0x0800347c   Section        0  printfa.o(i._printf_pre_padding)
    i.asinf                                  0x080034ac   Section        0  asinf.o(i.asinf)
    i.atan2f                                 0x080035d0   Section        0  atan2f.o(i.atan2f)
    i.fmaxf                                  0x08003874   Section        0  fmaxf.o(i.fmaxf)
    i.puts                                   0x0800389c   Section        0  puts.o(i.puts)
    i.sqrtf                                  0x080038c0   Section        0  sqrtf.o(i.sqrtf)
    HAL_RCC_GetSysClockFreq.aPredivFactorTable 0x08003904   Data           2  stm32f1xx_hal_rcc.o(.rodata.HAL_RCC_GetSysClockFreq.aPredivFactorTable)
    [Anonymous Symbol]                       0x08003904   Section        0  stm32f1xx_hal_rcc.o(.rodata.HAL_RCC_GetSysClockFreq.aPredivFactorTable)
    HAL_RCC_GetSysClockFreq.aPLLMULFactorTable 0x08005906   Data          16  stm32f1xx_hal_rcc.o(.rodata.cst16)
    [Anonymous Symbol]                       0x08005906   Section        0  stm32f1xx_hal_rcc.o(.rodata.cst16)
    .data                                    0x20000000   Section        4  stdout.o(.data)
    _errno                                   0x20000004   Data           4  errno.o(.data)
    .data                                    0x20000004   Section        4  errno.o(.data)
    BMI270_Get_Angle_Plus.first_run          0x20000018   Data           1  bmi270.o(.bss.BMI270_Get_Angle_Plus.first_run)
    [Anonymous Symbol]                       0x20000018   Section        0  bmi270.o(.bss.BMI270_Get_Angle_Plus.first_run)
    BMI270_Get_Angle_Plus.integralX          0x2000001c   Data           4  bmi270.o(.bss.BMI270_Get_Angle_Plus.integralX)
    [Anonymous Symbol]                       0x2000001c   Section        0  bmi270.o(.bss.BMI270_Get_Angle_Plus.integralX)
    BMI270_Get_Angle_Plus.integralY          0x20000020   Data           4  bmi270.o(.bss.BMI270_Get_Angle_Plus.integralY)
    [Anonymous Symbol]                       0x20000020   Section        0  bmi270.o(.bss.BMI270_Get_Angle_Plus.integralY)
    BMI270_Get_Angle_Plus.integralZ          0x20000024   Data           4  bmi270.o(.bss.BMI270_Get_Angle_Plus.integralZ)
    [Anonymous Symbol]                       0x20000024   Section        0  bmi270.o(.bss.BMI270_Get_Angle_Plus.integralZ)
    BMI270_Get_Angle_Plus.last_yaw           0x20000028   Data           4  bmi270.o(.bss.BMI270_Get_Angle_Plus.last_yaw)
    [Anonymous Symbol]                       0x20000028   Section        0  bmi270.o(.bss.BMI270_Get_Angle_Plus.last_yaw)
    BMI270_Get_Angle_Plus.unwrapped_yaw      0x2000002c   Data           4  bmi270.o(.bss.BMI270_Get_Angle_Plus.unwrapped_yaw)
    [Anonymous Symbol]                       0x2000002c   Section        0  bmi270.o(.bss.BMI270_Get_Angle_Plus.unwrapped_yaw)
    bmi270_accelScale                        0x20000030   Data           4  bmi270.o(.bss.bmi270_accelScale)
    [Anonymous Symbol]                       0x20000030   Section        0  bmi270.o(.bss.bmi270_accelScale)
    bmi270_gyroScale                         0x20000034   Data           4  bmi270.o(.bss.bmi270_gyroScale)
    [Anonymous Symbol]                       0x20000034   Section        0  bmi270.o(.bss.bmi270_gyroScale)
    STACK                                    0x20000100   Section     1024  startup_stm32f103xb.o(STACK)

    Global Symbols

    Symbol Name                              Value     Ov Type        Size  Object(Section)

    BuildAttributes$$THM_ISAv4$P$D$K$B$S$PE$A:L22UL41UL21$X:L11$S22US41US21$IEEE1$IW$~IW$USESV6$~STKCKD$USESV7$~SHL$OTIME$ROPI$IEEEX$EBA8$MICROLIB$REQ8$PRES8$EABIv2 0x00000000   Number         0  anon$$obj.o ABSOLUTE
    _printf_a                                0x00000000   Number         0  printfstubs.o ABSOLUTE
    _printf_c                                0x00000000   Number         0  printfstubs.o ABSOLUTE
    _printf_charcount                        0x00000000   Number         0  printfstubs.o ABSOLUTE
    _printf_d                                0x00000000   Number         0  printfstubs.o ABSOLUTE
    _printf_e                                0x00000000   Number         0  printfstubs.o ABSOLUTE
    _printf_f                                0x00000000   Number         0  printfstubs.o ABSOLUTE
    _printf_flags                            0x00000000   Number         0  printfstubs.o ABSOLUTE
    _printf_fp_dec                           0x00000000   Number         0  printfstubs.o ABSOLUTE
    _printf_fp_hex                           0x00000000   Number         0  printfstubs.o ABSOLUTE
    _printf_g                                0x00000000   Number         0  printfstubs.o ABSOLUTE
    _printf_i                                0x00000000   Number         0  printfstubs.o ABSOLUTE
    _printf_int_dec                          0x00000000   Number         0  printfstubs.o ABSOLUTE
    _printf_l                                0x00000000   Number         0  printfstubs.o ABSOLUTE
    _printf_lc                               0x00000000   Number         0  printfstubs.o ABSOLUTE
    _printf_ll                               0x00000000   Number         0  printfstubs.o ABSOLUTE
    _printf_lld                              0x00000000   Number         0  printfstubs.o ABSOLUTE
    _printf_lli                              0x00000000   Number         0  printfstubs.o ABSOLUTE
    _printf_llo                              0x00000000   Number         0  printfstubs.o ABSOLUTE
    _printf_llu                              0x00000000   Number         0  printfstubs.o ABSOLUTE
    _printf_llx                              0x00000000   Number         0  printfstubs.o ABSOLUTE
    _printf_longlong_dec                     0x00000000   Number         0  printfstubs.o ABSOLUTE
    _printf_longlong_hex                     0x00000000   Number         0  printfstubs.o ABSOLUTE
    _printf_longlong_oct                     0x00000000   Number         0  printfstubs.o ABSOLUTE
    _printf_ls                               0x00000000   Number         0  printfstubs.o ABSOLUTE
    _printf_mbtowc                           0x00000000   Number         0  printfstubs.o ABSOLUTE
    _printf_n                                0x00000000   Number         0  printfstubs.o ABSOLUTE
    _printf_o                                0x00000000   Number         0  printfstubs.o ABSOLUTE
    _printf_p                                0x00000000   Number         0  printfstubs.o ABSOLUTE
    _printf_percent                          0x00000000   Number         0  printfstubs.o ABSOLUTE
    _printf_pre_padding                      0x00000000   Number         0  printfstubs.o ABSOLUTE
    _printf_return_value                     0x00000000   Number         0  printfstubs.o ABSOLUTE
    _printf_s                                0x00000000   Number         0  printfstubs.o ABSOLUTE
    _printf_sizespec                         0x00000000   Number         0  printfstubs.o ABSOLUTE
    _printf_str                              0x00000000   Number         0  printfstubs.o ABSOLUTE
    _printf_truncate_signed                  0x00000000   Number         0  printfstubs.o ABSOLUTE
    _printf_truncate_unsigned                0x00000000   Number         0  printfstubs.o ABSOLUTE
    _printf_u                                0x00000000   Number         0  printfstubs.o ABSOLUTE
    _printf_wc                               0x00000000   Number         0  printfstubs.o ABSOLUTE
    _printf_wctomb                           0x00000000   Number         0  printfstubs.o ABSOLUTE
    _printf_widthprec                        0x00000000   Number         0  printfstubs.o ABSOLUTE
    _printf_x                                0x00000000   Number         0  printfstubs.o ABSOLUTE
    __cpp_initialize__aeabi_                  - Undefined Weak Reference
    __cxa_finalize                            - Undefined Weak Reference
    __decompress                              - Undefined Weak Reference
    _clock_init                               - Undefined Weak Reference
    _microlib_exit                            - Undefined Weak Reference
    __Vectors_Size                           0x000000ec   Number         0  startup_stm32f103xb.o ABSOLUTE
    __Vectors                                0x08000000   Data           4  startup_stm32f103xb.o(RESET)
    __Vectors_End                            0x080000ec   Data           0  startup_stm32f103xb.o(RESET)
    __main                                   0x080000ed   Thumb Code     0  entry.o(.ARM.Collect$$$$00000000)
    _main_stk                                0x080000ed   Thumb Code     0  entry2.o(.ARM.Collect$$$$00000001)
    _main_scatterload                        0x080000f1   Thumb Code     0  entry5.o(.ARM.Collect$$$$00000004)
    __main_after_scatterload                 0x080000f5   Thumb Code     0  entry5.o(.ARM.Collect$$$$00000004)
    _main_clock                              0x080000f5   Thumb Code     0  entry7b.o(.ARM.Collect$$$$00000008)
    _main_cpp_init                           0x080000f5   Thumb Code     0  entry8b.o(.ARM.Collect$$$$0000000A)
    _main_init                               0x080000f5   Thumb Code     0  entry9a.o(.ARM.Collect$$$$0000000B)
    __rt_final_cpp                           0x080000fd   Thumb Code     0  entry10a.o(.ARM.Collect$$$$0000000D)
    __rt_final_exit                          0x080000fd   Thumb Code     0  entry11a.o(.ARM.Collect$$$$0000000F)
    Reset_Handler                            0x08000101   Thumb Code     8  startup_stm32f103xb.o(.text)
    ADC1_2_IRQHandler                        0x0800011b   Thumb Code     0  startup_stm32f103xb.o(.text)
    CAN1_RX1_IRQHandler                      0x0800011b   Thumb Code     0  startup_stm32f103xb.o(.text)
    CAN1_SCE_IRQHandler                      0x0800011b   Thumb Code     0  startup_stm32f103xb.o(.text)
    DMA1_Channel1_IRQHandler                 0x0800011b   Thumb Code     0  startup_stm32f103xb.o(.text)
    DMA1_Channel2_IRQHandler                 0x0800011b   Thumb Code     0  startup_stm32f103xb.o(.text)
    DMA1_Channel3_IRQHandler                 0x0800011b   Thumb Code     0  startup_stm32f103xb.o(.text)
    DMA1_Channel4_IRQHandler                 0x0800011b   Thumb Code     0  startup_stm32f103xb.o(.text)
    DMA1_Channel5_IRQHandler                 0x0800011b   Thumb Code     0  startup_stm32f103xb.o(.text)
    DMA1_Channel6_IRQHandler                 0x0800011b   Thumb Code     0  startup_stm32f103xb.o(.text)
    DMA1_Channel7_IRQHandler                 0x0800011b   Thumb Code     0  startup_stm32f103xb.o(.text)
    EXTI0_IRQHandler                         0x0800011b   Thumb Code     0  startup_stm32f103xb.o(.text)
    EXTI15_10_IRQHandler                     0x0800011b   Thumb Code     0  startup_stm32f103xb.o(.text)
    EXTI1_IRQHandler                         0x0800011b   Thumb Code     0  startup_stm32f103xb.o(.text)
    EXTI2_IRQHandler                         0x0800011b   Thumb Code     0  startup_stm32f103xb.o(.text)
    EXTI3_IRQHandler                         0x0800011b   Thumb Code     0  startup_stm32f103xb.o(.text)
    EXTI4_IRQHandler                         0x0800011b   Thumb Code     0  startup_stm32f103xb.o(.text)
    EXTI9_5_IRQHandler                       0x0800011b   Thumb Code     0  startup_stm32f103xb.o(.text)
    FLASH_IRQHandler                         0x0800011b   Thumb Code     0  startup_stm32f103xb.o(.text)
    I2C1_ER_IRQHandler                       0x0800011b   Thumb Code     0  startup_stm32f103xb.o(.text)
    I2C1_EV_IRQHandler                       0x0800011b   Thumb Code     0  startup_stm32f103xb.o(.text)
    I2C2_ER_IRQHandler                       0x0800011b   Thumb Code     0  startup_stm32f103xb.o(.text)
    I2C2_EV_IRQHandler                       0x0800011b   Thumb Code     0  startup_stm32f103xb.o(.text)
    PVD_IRQHandler                           0x0800011b   Thumb Code     0  startup_stm32f103xb.o(.text)
    RCC_IRQHandler                           0x0800011b   Thumb Code     0  startup_stm32f103xb.o(.text)
    RTC_Alarm_IRQHandler                     0x0800011b   Thumb Code     0  startup_stm32f103xb.o(.text)
    RTC_IRQHandler                           0x0800011b   Thumb Code     0  startup_stm32f103xb.o(.text)
    SPI1_IRQHandler                          0x0800011b   Thumb Code     0  startup_stm32f103xb.o(.text)
    SPI2_IRQHandler                          0x0800011b   Thumb Code     0  startup_stm32f103xb.o(.text)
    TAMPER_IRQHandler                        0x0800011b   Thumb Code     0  startup_stm32f103xb.o(.text)
    TIM1_BRK_IRQHandler                      0x0800011b   Thumb Code     0  startup_stm32f103xb.o(.text)
    TIM1_CC_IRQHandler                       0x0800011b   Thumb Code     0  startup_stm32f103xb.o(.text)
    TIM1_TRG_COM_IRQHandler                  0x0800011b   Thumb Code     0  startup_stm32f103xb.o(.text)
    TIM1_UP_IRQHandler                       0x0800011b   Thumb Code     0  startup_stm32f103xb.o(.text)
    TIM2_IRQHandler                          0x0800011b   Thumb Code     0  startup_stm32f103xb.o(.text)
    TIM4_IRQHandler                          0x0800011b   Thumb Code     0  startup_stm32f103xb.o(.text)
    USART2_IRQHandler                        0x0800011b   Thumb Code     0  startup_stm32f103xb.o(.text)
    USART3_IRQHandler                        0x0800011b   Thumb Code     0  startup_stm32f103xb.o(.text)
    USBWakeUp_IRQHandler                     0x0800011b   Thumb Code     0  startup_stm32f103xb.o(.text)
    USB_HP_CAN1_TX_IRQHandler                0x0800011b   Thumb Code     0  startup_stm32f103xb.o(.text)
    USB_LP_CAN1_RX0_IRQHandler               0x0800011b   Thumb Code     0  startup_stm32f103xb.o(.text)
    WWDG_IRQHandler                          0x0800011b   Thumb Code     0  startup_stm32f103xb.o(.text)
    __aeabi_memset                           0x08000125   Thumb Code    14  memseta.o(.text)
    __aeabi_memset4                          0x08000125   Thumb Code     0  memseta.o(.text)
    __aeabi_memset8                          0x08000125   Thumb Code     0  memseta.o(.text)
    __aeabi_memclr                           0x08000133   Thumb Code     4  memseta.o(.text)
    __aeabi_memclr4                          0x08000133   Thumb Code     0  memseta.o(.text)
    __aeabi_memclr8                          0x08000133   Thumb Code     0  memseta.o(.text)
    _memset$wrapper                          0x08000137   Thumb Code    18  memseta.o(.text)
    __aeabi_fadd                             0x08000149   Thumb Code   164  fadd.o(.text)
    __aeabi_fsub                             0x080001ed   Thumb Code     6  fadd.o(.text)
    __aeabi_frsub                            0x080001f3   Thumb Code     6  fadd.o(.text)
    __aeabi_fmul                             0x080001f9   Thumb Code   100  fmul.o(.text)
    __aeabi_fdiv                             0x0800025d   Thumb Code   124  fdiv.o(.text)
    __aeabi_fcmple                           0x080002d9   Thumb Code    28  fcmple.o(.text)
    __aeabi_fcmpge                           0x080002f5   Thumb Code    28  fcmpge.o(.text)
    __aeabi_fcmpgt                           0x08000311   Thumb Code    28  fcmpgt.o(.text)
    __aeabi_i2f                              0x0800032d   Thumb Code    18  fflti.o(.text)
    __aeabi_f2d                              0x0800033f   Thumb Code    38  f2d.o(.text)
    __aeabi_uidiv                            0x08000365   Thumb Code     0  uidiv.o(.text)
    __aeabi_uidivmod                         0x08000365   Thumb Code    44  uidiv.o(.text)
    __aeabi_uldivmod                         0x08000391   Thumb Code    98  uldiv.o(.text)
    __I$use$fp                               0x080003f3   Thumb Code     0  iusefp.o(.text)
    _float_round                             0x080003f3   Thumb Code    18  fepilogue.o(.text)
    _float_epilogue                          0x08000405   Thumb Code    92  fepilogue.o(.text)
    __ARM_scalbnf                            0x08000461   Thumb Code    24  fscalb.o(.text)
    scalbnf                                  0x08000461   Thumb Code     0  fscalb.o(.text)
    __aeabi_dadd                             0x08000479   Thumb Code   322  dadd.o(.text)
    __aeabi_dsub                             0x080005bb   Thumb Code     6  dadd.o(.text)
    __aeabi_drsub                            0x080005c1   Thumb Code     6  dadd.o(.text)
    __aeabi_dmul                             0x080005c7   Thumb Code   228  dmul.o(.text)
    __aeabi_ddiv                             0x080006ab   Thumb Code   222  ddiv.o(.text)
    __aeabi_d2ulz                            0x08000789   Thumb Code    48  dfixul.o(.text)
    __aeabi_cdrcmple                         0x080007b9   Thumb Code    48  cdrcmple.o(.text)
    __ARM_fcmp4                              0x080007e9   Thumb Code    54  fcmp4.o(.text)
    _fcmp4                                   0x080007e9   Thumb Code     0  fcmp4.o(.text)
    __scatterload                            0x08000821   Thumb Code    28  init.o(.text)
    __scatterload_rt2                        0x08000821   Thumb Code     0  init.o(.text)
    __aeabi_llsl                             0x08000845   Thumb Code    30  llshl.o(.text)
    _ll_shift_l                              0x08000845   Thumb Code     0  llshl.o(.text)
    __aeabi_llsr                             0x08000863   Thumb Code    32  llushr.o(.text)
    _ll_ushift_r                             0x08000863   Thumb Code     0  llushr.o(.text)
    __aeabi_lasr                             0x08000883   Thumb Code    36  llsshr.o(.text)
    _ll_sshift_r                             0x08000883   Thumb Code     0  llsshr.o(.text)
    _fsqrt                                   0x080008a7   Thumb Code    94  fsqrt.o(.text)
    _double_round                            0x08000905   Thumb Code    30  depilogue.o(.text)
    _double_epilogue                         0x08000923   Thumb Code   156  depilogue.o(.text)
    BMI270_Get_Angle_Plus                    0x080009c1   Thumb Code  1738  bmi270.o(.text.BMI270_Get_Angle_Plus)
    BMI270_Init                              0x0800108d   Thumb Code   226  bmi270.o(.text.BMI270_Init)
    BusFault_Handler                         0x08001171   Thumb Code     2  stm32f1xx_it.o(.text.BusFault_Handler)
    DebugMon_Handler                         0x08001175   Thumb Code     2  stm32f1xx_it.o(.text.DebugMon_Handler)
    Error_Handler                            0x08001179   Thumb Code    10  main.o(.text.Error_Handler)
    HAL_DMA_Abort                            0x08001185   Thumb Code    64  stm32f1xx_hal_dma.o(.text.HAL_DMA_Abort)
    HAL_DMA_Abort_IT                         0x080011c5   Thumb Code   172  stm32f1xx_hal_dma.o(.text.HAL_DMA_Abort_IT)
    HAL_Delay                                0x08001271   Thumb Code    40  stm32f1xx_hal.o(.text.HAL_Delay)
    HAL_GPIO_Init                            0x08001299   Thumb Code   506  stm32f1xx_hal_gpio.o(.text.HAL_GPIO_Init)
    HAL_GPIO_ReadPin                         0x08001495   Thumb Code    10  stm32f1xx_hal_gpio.o(.text.HAL_GPIO_ReadPin)
    HAL_GPIO_WritePin                        0x080014a1   Thumb Code    10  stm32f1xx_hal_gpio.o(.text.HAL_GPIO_WritePin)
    HAL_GetTick                              0x080014ad   Thumb Code    12  stm32f1xx_hal.o(.text.HAL_GetTick)
    HAL_IncTick                              0x080014b9   Thumb Code    26  stm32f1xx_hal.o(.text.HAL_IncTick)
    HAL_Init                                 0x080014d5   Thumb Code    38  stm32f1xx_hal.o(.text.HAL_Init)
    HAL_InitTick                             0x080014fd   Thumb Code    80  stm32f1xx_hal.o(.text.HAL_InitTick)
    HAL_MspInit                              0x0800154d   Thumb Code    66  stm32f1xx_hal_msp.o(.text.HAL_MspInit)
    HAL_NVIC_EnableIRQ                       0x08001591   Thumb Code    32  stm32f1xx_hal_cortex.o(.text.HAL_NVIC_EnableIRQ)
    HAL_NVIC_SetPriority                     0x080015b1   Thumb Code    86  stm32f1xx_hal_cortex.o(.text.HAL_NVIC_SetPriority)
    HAL_NVIC_SetPriorityGrouping             0x08001609   Thumb Code    32  stm32f1xx_hal_cortex.o(.text.HAL_NVIC_SetPriorityGrouping)
    HAL_RCC_ClockConfig                      0x08001629   Thumb Code   442  stm32f1xx_hal_rcc.o(.text.HAL_RCC_ClockConfig)
    HAL_RCC_GetPCLK1Freq                     0x080017e5   Thumb Code    38  stm32f1xx_hal_rcc.o(.text.HAL_RCC_GetPCLK1Freq)
    HAL_RCC_GetPCLK2Freq                     0x0800180d   Thumb Code    38  stm32f1xx_hal_rcc.o(.text.HAL_RCC_GetPCLK2Freq)
    HAL_RCC_OscConfig                        0x08001835   Thumb Code   816  stm32f1xx_hal_rcc.o(.text.HAL_RCC_OscConfig)
    HAL_SYSTICK_Config                       0x08001b65   Thumb Code    44  stm32f1xx_hal_cortex.o(.text.HAL_SYSTICK_Config)
    HAL_TIMEx_BreakCallback                  0x08001b91   Thumb Code     2  stm32f1xx_hal_tim_ex.o(.text.HAL_TIMEx_BreakCallback)
    HAL_TIMEx_CommutCallback                 0x08001b95   Thumb Code     2  stm32f1xx_hal_tim_ex.o(.text.HAL_TIMEx_CommutCallback)
    HAL_TIMEx_MasterConfigSynchronization    0x08001b99   Thumb Code   118  stm32f1xx_hal_tim_ex.o(.text.HAL_TIMEx_MasterConfigSynchronization)
    HAL_TIM_Base_Init                        0x08001c11   Thumb Code   230  stm32f1xx_hal_tim.o(.text.HAL_TIM_Base_Init)
    HAL_TIM_Base_MspInit                     0x08001cf9   Thumb Code    68  tim.o(.text.HAL_TIM_Base_MspInit)
    HAL_TIM_Base_Start_IT                    0x08001d3d   Thumb Code   102  stm32f1xx_hal_tim.o(.text.HAL_TIM_Base_Start_IT)
    HAL_TIM_ConfigClockSource                0x08001da5   Thumb Code   412  stm32f1xx_hal_tim.o(.text.HAL_TIM_ConfigClockSource)
    HAL_TIM_IC_CaptureCallback               0x08001f41   Thumb Code     2  stm32f1xx_hal_tim.o(.text.HAL_TIM_IC_CaptureCallback)
    HAL_TIM_IRQHandler                       0x08001f45   Thumb Code   326  stm32f1xx_hal_tim.o(.text.HAL_TIM_IRQHandler)
    HAL_TIM_OC_DelayElapsedCallback          0x0800208d   Thumb Code     2  stm32f1xx_hal_tim.o(.text.HAL_TIM_OC_DelayElapsedCallback)
    HAL_TIM_PWM_PulseFinishedCallback        0x08002091   Thumb Code     2  stm32f1xx_hal_tim.o(.text.HAL_TIM_PWM_PulseFinishedCallback)
    HAL_TIM_PeriodElapsedCallback            0x08002095   Thumb Code    32  main.o(.text.HAL_TIM_PeriodElapsedCallback)
    HAL_TIM_TriggerCallback                  0x080020b5   Thumb Code     2  stm32f1xx_hal_tim.o(.text.HAL_TIM_TriggerCallback)
    HAL_UARTEx_RxEventCallback               0x080020b9   Thumb Code     2  stm32f1xx_hal_uart.o(.text.HAL_UARTEx_RxEventCallback)
    HAL_UART_ErrorCallback                   0x080020bd   Thumb Code     2  stm32f1xx_hal_uart.o(.text.HAL_UART_ErrorCallback)
    HAL_UART_IRQHandler                      0x080020c1   Thumb Code   754  stm32f1xx_hal_uart.o(.text.HAL_UART_IRQHandler)
    HAL_UART_Init                            0x080023b5   Thumb Code   220  stm32f1xx_hal_uart.o(.text.HAL_UART_Init)
    HAL_UART_MspInit                         0x08002491   Thumb Code   142  usart.o(.text.HAL_UART_MspInit)
    HAL_UART_RxCpltCallback                  0x08002521   Thumb Code     2  stm32f1xx_hal_uart.o(.text.HAL_UART_RxCpltCallback)
    HAL_UART_Transmit                        0x08002525   Thumb Code   238  stm32f1xx_hal_uart.o(.text.HAL_UART_Transmit)
    HAL_UART_TxCpltCallback                  0x08002615   Thumb Code     2  stm32f1xx_hal_uart.o(.text.HAL_UART_TxCpltCallback)
    HardFault_Handler                        0x08002619   Thumb Code     2  stm32f1xx_it.o(.text.HardFault_Handler)
    MX_GPIO_Init                             0x0800261d   Thumb Code   182  gpio.o(.text.MX_GPIO_Init)
    MX_TIM3_Init                             0x080026d5   Thumb Code   124  tim.o(.text.MX_TIM3_Init)
    MX_USART1_UART_Init                      0x08002751   Thumb Code    56  usart.o(.text.MX_USART1_UART_Init)
    MemManage_Handler                        0x08002789   Thumb Code     2  stm32f1xx_it.o(.text.MemManage_Handler)
    MySPI_Init                               0x0800278d   Thumb Code    32  _myspi_.o(.text.MySPI_Init)
    MySPI_ReadReg_Continue                   0x080027ad   Thumb Code   152  _myspi_.o(.text.MySPI_ReadReg_Continue)
    MySPI_WriteReg                           0x08002845   Thumb Code    50  _myspi_.o(.text.MySPI_WriteReg)
    MySPI_WriteReg_Continue                  0x08002879   Thumb Code    72  _myspi_.o(.text.MySPI_WriteReg_Continue)
    My_SPI_ReadWriteByte                     0x080028c1   Thumb Code    96  _myspi_.o(.text.My_SPI_ReadWriteByte)
    NMI_Handler                              0x08002921   Thumb Code     2  stm32f1xx_it.o(.text.NMI_Handler)
    PendSV_Handler                           0x08002925   Thumb Code     2  stm32f1xx_it.o(.text.PendSV_Handler)
    SVC_Handler                              0x08002929   Thumb Code     2  stm32f1xx_it.o(.text.SVC_Handler)
    SysTick_Handler                          0x0800292d   Thumb Code     8  stm32f1xx_it.o(.text.SysTick_Handler)
    SystemInit                               0x08002935   Thumb Code     2  system_stm32f1xx.o(.text.SystemInit)
    TIM3_IRQHandler                          0x08002939   Thumb Code    16  stm32f1xx_it.o(.text.TIM3_IRQHandler)
    USART1_IRQHandler                        0x08002a21   Thumb Code    16  stm32f1xx_it.o(.text.USART1_IRQHandler)
    UsageFault_Handler                       0x08002a31   Thumb Code     2  stm32f1xx_it.o(.text.UsageFault_Handler)
    fputc                                    0x08002a35   Thumb Code    30  main.o(.text.fputc)
    main                                     0x08002a55   Thumb Code   224  main.o(.text.main)
    __0printf                                0x08002b6d   Thumb Code    22  printfa.o(i.__0printf)
    __1printf                                0x08002b6d   Thumb Code     0  printfa.o(i.__0printf)
    __2printf                                0x08002b6d   Thumb Code     0  printfa.o(i.__0printf)
    __c89printf                              0x08002b6d   Thumb Code     0  printfa.o(i.__0printf)
    printf                                   0x08002b6d   Thumb Code     0  printfa.o(i.__0printf)
    __ARM_fpclassifyf                        0x08002b8d   Thumb Code    38  fpclassifyf.o(i.__ARM_fpclassifyf)
    __mathlib_flt_infnan                     0x08002bb3   Thumb Code     6  funder.o(i.__mathlib_flt_infnan)
    __mathlib_flt_infnan2                    0x08002bb9   Thumb Code     4  funder.o(i.__mathlib_flt_infnan2)
    __mathlib_flt_invalid                    0x08002bbd   Thumb Code     8  funder.o(i.__mathlib_flt_invalid)
    __mathlib_flt_underflow                  0x08002bc5   Thumb Code    10  funder.o(i.__mathlib_flt_underflow)
    __scatterload_copy                       0x08002bcf   Thumb Code    14  handlers.o(i.__scatterload_copy)
    __scatterload_null                       0x08002bdd   Thumb Code     2  handlers.o(i.__scatterload_null)
    __scatterload_zeroinit                   0x08002bdf   Thumb Code    14  handlers.o(i.__scatterload_zeroinit)
    __set_errno                              0x08002bed   Thumb Code     6  errno.o(i.__set_errno)
    asinf                                    0x080034ad   Thumb Code   254  asinf.o(i.asinf)
    atan2f                                   0x080035d1   Thumb Code   598  atan2f.o(i.atan2f)
    fmaxf                                    0x08003875   Thumb Code    40  fmaxf.o(i.fmaxf)
    puts                                     0x0800389d   Thumb Code    30  puts.o(i.puts)
    sqrtf                                    0x080038c1   Thumb Code    44  sqrtf.o(i.sqrtf)
    AHBPrescTable                            0x080038ec   Data          16  system_stm32f1xx.o(.rodata.AHBPrescTable)
    APBPrescTable                            0x080038fc   Data           8  system_stm32f1xx.o(.rodata.APBPrescTable)
    bmi270_config_file                       0x08003906   Data        8192  bmi270.o(.rodata.bmi270_config_file)
    Region$$Table$$Base                      0x08005918   Number         0  anon$$obj.o(Region$$Table)
    Region$$Table$$Limit                     0x08005938   Number         0  anon$$obj.o(Region$$Table)
    __stdout                                 0x20000000   Data           4  stdout.o(.data)
    SystemCoreClock                          0x20000008   Data           4  system_stm32f1xx.o(.data.SystemCoreClock)
    uwTickFreq                               0x2000000c   Data           1  stm32f1xx_hal.o(.data.uwTickFreq)
    uwTickPrio                               0x20000010   Data           4  stm32f1xx_hal.o(.data.uwTickPrio)
    bmi270_ins                               0x20000038   Data          48  main.o(.bss.bmi270_ins)
    htim3                                    0x20000068   Data          72  tim.o(.bss.htim3)
    huart1                                   0x200000b0   Data          72  usart.o(.bss.huart1)
    uwTick                                   0x200000f8   Data           4  stm32f1xx_hal.o(.bss.uwTick)
    __initial_sp                             0x20000500   Data           0  startup_stm32f103xb.o(STACK)



==============================================================================

Memory Map of the image

  Image Entry point : 0x080000ed

  Load Region LR_IROM1 (Base: 0x08000000, Size: 0x00005950, Max: 0x00010000, ABSOLUTE)

    Execution Region ER_IROM1 (Exec base: 0x08000000, Load base: 0x08000000, Size: 0x00005938, Max: 0x00010000, ABSOLUTE)

    Exec Addr    Load Addr    Size         Type   Attr      Idx    E Section Name        Object

    0x08000000   0x08000000   0x000000ec   Data   RO            3    RESET               startup_stm32f103xb.o
    0x080000ec   0x080000ec   0x00000000   Code   RO         1019  * .ARM.Collect$$$$00000000  mc_w.l(entry.o)
    0x080000ec   0x080000ec   0x00000004   Code   RO         1328    .ARM.Collect$$$$00000001  mc_w.l(entry2.o)
    0x080000f0   0x080000f0   0x00000004   Code   RO         1331    .ARM.Collect$$$$00000004  mc_w.l(entry5.o)
    0x080000f4   0x080000f4   0x00000000   Code   RO         1333    .ARM.Collect$$$$00000008  mc_w.l(entry7b.o)
    0x080000f4   0x080000f4   0x00000000   Code   RO         1335    .ARM.Collect$$$$0000000A  mc_w.l(entry8b.o)
    0x080000f4   0x080000f4   0x00000008   Code   RO         1336    .ARM.Collect$$$$0000000B  mc_w.l(entry9a.o)
    0x080000fc   0x080000fc   0x00000000   Code   RO         1338    .ARM.Collect$$$$0000000D  mc_w.l(entry10a.o)
    0x080000fc   0x080000fc   0x00000000   Code   RO         1340    .ARM.Collect$$$$0000000F  mc_w.l(entry11a.o)
    0x080000fc   0x080000fc   0x00000004   Code   RO         1329    .ARM.Collect$$$$00002712  mc_w.l(entry2.o)
    0x08000100   0x08000100   0x00000024   Code   RO            4    .text               startup_stm32f103xb.o
    0x08000124   0x08000124   0x00000024   Code   RO         1026    .text               mc_w.l(memseta.o)
    0x08000148   0x08000148   0x000000b0   Code   RO         1289    .text               mf_w.l(fadd.o)
    0x080001f8   0x080001f8   0x00000064   Code   RO         1291    .text               mf_w.l(fmul.o)
    0x0800025c   0x0800025c   0x0000007c   Code   RO         1293    .text               mf_w.l(fdiv.o)
    0x080002d8   0x080002d8   0x0000001c   Code   RO         1295    .text               mf_w.l(fcmple.o)
    0x080002f4   0x080002f4   0x0000001c   Code   RO         1297    .text               mf_w.l(fcmpge.o)
    0x08000310   0x08000310   0x0000001c   Code   RO         1299    .text               mf_w.l(fcmpgt.o)
    0x0800032c   0x0800032c   0x00000012   Code   RO         1301    .text               mf_w.l(fflti.o)
    0x0800033e   0x0800033e   0x00000026   Code   RO         1303    .text               mf_w.l(f2d.o)
    0x08000364   0x08000364   0x0000002c   Code   RO         1352    .text               mc_w.l(uidiv.o)
    0x08000390   0x08000390   0x00000062   Code   RO         1354    .text               mc_w.l(uldiv.o)
    0x080003f2   0x080003f2   0x00000000   Code   RO         1363    .text               mc_w.l(iusefp.o)
    0x080003f2   0x080003f2   0x0000006e   Code   RO         1364    .text               mf_w.l(fepilogue.o)
    0x08000460   0x08000460   0x00000018   Code   RO         1366    .text               mf_w.l(fscalb.o)
    0x08000478   0x08000478   0x0000014e   Code   RO         1370    .text               mf_w.l(dadd.o)
    0x080005c6   0x080005c6   0x000000e4   Code   RO         1372    .text               mf_w.l(dmul.o)
    0x080006aa   0x080006aa   0x000000de   Code   RO         1374    .text               mf_w.l(ddiv.o)
    0x08000788   0x08000788   0x00000030   Code   RO         1378    .text               mf_w.l(dfixul.o)
    0x080007b8   0x080007b8   0x00000030   Code   RO         1380    .text               mf_w.l(cdrcmple.o)
    0x080007e8   0x080007e8   0x00000036   Code   RO         1382    .text               mf_w.l(fcmp4.o)
    0x0800081e   0x0800081e   0x00000002   PAD
    0x08000820   0x08000820   0x00000024   Code   RO         1384    .text               mc_w.l(init.o)
    0x08000844   0x08000844   0x0000001e   Code   RO         1386    .text               mc_w.l(llshl.o)
    0x08000862   0x08000862   0x00000020   Code   RO         1388    .text               mc_w.l(llushr.o)
    0x08000882   0x08000882   0x00000024   Code   RO         1390    .text               mc_w.l(llsshr.o)
    0x080008a6   0x080008a6   0x0000005e   Code   RO         1392    .text               mf_w.l(fsqrt.o)
    0x08000904   0x08000904   0x000000ba   Code   RO         1394    .text               mf_w.l(depilogue.o)
    0x080009be   0x080009be   0x00000002   PAD
    0x080009c0   0x080009c0   0x000006ca   Code   RO          981    .text.BMI270_Get_Angle_Plus  bmi270.o
    0x0800108a   0x0800108a   0x00000002   PAD
    0x0800108c   0x0800108c   0x000000e2   Code   RO          975    .text.BMI270_Init   bmi270.o
    0x0800116e   0x0800116e   0x00000002   PAD
    0x08001170   0x08001170   0x00000002   Code   RO           76    .text.BusFault_Handler  stm32f1xx_it.o
    0x08001172   0x08001172   0x00000002   PAD
    0x08001174   0x08001174   0x00000002   Code   RO           82    .text.DebugMon_Handler  stm32f1xx_it.o
    0x08001176   0x08001176   0x00000002   PAD
    0x08001178   0x08001178   0x0000000a   Code   RO           17    .text.Error_Handler  main.o
    0x08001182   0x08001182   0x00000002   PAD
    0x08001184   0x08001184   0x00000040   Code   RO          586    .text.HAL_DMA_Abort  stm32f1xx_hal_dma.o
    0x080011c4   0x080011c4   0x000000ac   Code   RO          588    .text.HAL_DMA_Abort_IT  stm32f1xx_hal_dma.o
    0x08001270   0x08001270   0x00000028   Code   RO          461    .text.HAL_Delay     stm32f1xx_hal.o
    0x08001298   0x08001298   0x000001fa   Code   RO          554    .text.HAL_GPIO_Init  stm32f1xx_hal_gpio.o
    0x08001492   0x08001492   0x00000002   PAD
    0x08001494   0x08001494   0x0000000a   Code   RO          558    .text.HAL_GPIO_ReadPin  stm32f1xx_hal_gpio.o
    0x0800149e   0x0800149e   0x00000002   PAD
    0x080014a0   0x080014a0   0x0000000a   Code   RO          560    .text.HAL_GPIO_WritePin  stm32f1xx_hal_gpio.o
    0x080014aa   0x080014aa   0x00000002   PAD
    0x080014ac   0x080014ac   0x0000000c   Code   RO          453    .text.HAL_GetTick   stm32f1xx_hal.o
    0x080014b8   0x080014b8   0x0000001a   Code   RO          451    .text.HAL_IncTick   stm32f1xx_hal.o
    0x080014d2   0x080014d2   0x00000002   PAD
    0x080014d4   0x080014d4   0x00000026   Code   RO          441    .text.HAL_Init      stm32f1xx_hal.o
    0x080014fa   0x080014fa   0x00000002   PAD
    0x080014fc   0x080014fc   0x00000050   Code   RO          443    .text.HAL_InitTick  stm32f1xx_hal.o
    0x0800154c   0x0800154c   0x00000042   Code   RO           99    .text.HAL_MspInit   stm32f1xx_hal_msp.o
    0x0800158e   0x0800158e   0x00000002   PAD
    0x08001590   0x08001590   0x00000020   Code   RO          614    .text.HAL_NVIC_EnableIRQ  stm32f1xx_hal_cortex.o
    0x080015b0   0x080015b0   0x00000056   Code   RO          612    .text.HAL_NVIC_SetPriority  stm32f1xx_hal_cortex.o
    0x08001606   0x08001606   0x00000002   PAD
    0x08001608   0x08001608   0x00000020   Code   RO          610    .text.HAL_NVIC_SetPriorityGrouping  stm32f1xx_hal_cortex.o
    0x08001628   0x08001628   0x000001ba   Code   RO          506    .text.HAL_RCC_ClockConfig  stm32f1xx_hal_rcc.o
    0x080017e2   0x080017e2   0x00000002   PAD
    0x080017e4   0x080017e4   0x00000026   Code   RO          518    .text.HAL_RCC_GetPCLK1Freq  stm32f1xx_hal_rcc.o
    0x0800180a   0x0800180a   0x00000002   PAD
    0x0800180c   0x0800180c   0x00000026   Code   RO          520    .text.HAL_RCC_GetPCLK2Freq  stm32f1xx_hal_rcc.o
    0x08001832   0x08001832   0x00000002   PAD
    0x08001834   0x08001834   0x00000330   Code   RO          504    .text.HAL_RCC_OscConfig  stm32f1xx_hal_rcc.o
    0x08001b64   0x08001b64   0x0000002c   Code   RO          622    .text.HAL_SYSTICK_Config  stm32f1xx_hal_cortex.o
    0x08001b90   0x08001b90   0x00000002   Code   RO          427    .text.HAL_TIMEx_BreakCallback  stm32f1xx_hal_tim_ex.o
    0x08001b92   0x08001b92   0x00000002   PAD
    0x08001b94   0x08001b94   0x00000002   Code   RO          423    .text.HAL_TIMEx_CommutCallback  stm32f1xx_hal_tim_ex.o
    0x08001b96   0x08001b96   0x00000002   PAD
    0x08001b98   0x08001b98   0x00000076   Code   RO          417    .text.HAL_TIMEx_MasterConfigSynchronization  stm32f1xx_hal_tim_ex.o
    0x08001c0e   0x08001c0e   0x00000002   PAD
    0x08001c10   0x08001c10   0x000000e6   Code   RO          122    .text.HAL_TIM_Base_Init  stm32f1xx_hal_tim.o
    0x08001cf6   0x08001cf6   0x00000002   PAD
    0x08001cf8   0x08001cf8   0x00000044   Code   RO           42    .text.HAL_TIM_Base_MspInit  tim.o
    0x08001d3c   0x08001d3c   0x00000066   Code   RO          136    .text.HAL_TIM_Base_Start_IT  stm32f1xx_hal_tim.o
    0x08001da2   0x08001da2   0x00000002   PAD
    0x08001da4   0x08001da4   0x0000019c   Code   RO          302    .text.HAL_TIM_ConfigClockSource  stm32f1xx_hal_tim.o
    0x08001f40   0x08001f40   0x00000002   Code   RO          258    .text.HAL_TIM_IC_CaptureCallback  stm32f1xx_hal_tim.o
    0x08001f42   0x08001f42   0x00000002   PAD
    0x08001f44   0x08001f44   0x00000146   Code   RO          256    .text.HAL_TIM_IRQHandler  stm32f1xx_hal_tim.o
    0x0800208a   0x0800208a   0x00000002   PAD
    0x0800208c   0x0800208c   0x00000002   Code   RO          260    .text.HAL_TIM_OC_DelayElapsedCallback  stm32f1xx_hal_tim.o
    0x0800208e   0x0800208e   0x00000002   PAD
    0x08002090   0x08002090   0x00000002   Code   RO          262    .text.HAL_TIM_PWM_PulseFinishedCallback  stm32f1xx_hal_tim.o
    0x08002092   0x08002092   0x00000002   PAD
    0x08002094   0x08002094   0x00000020   Code   RO           19    .text.HAL_TIM_PeriodElapsedCallback  main.o
    0x080020b4   0x080020b4   0x00000002   Code   RO          266    .text.HAL_TIM_TriggerCallback  stm32f1xx_hal_tim.o
    0x080020b6   0x080020b6   0x00000002   PAD
    0x080020b8   0x080020b8   0x00000002   Code   RO          859    .text.HAL_UARTEx_RxEventCallback  stm32f1xx_hal_uart.o
    0x080020ba   0x080020ba   0x00000002   PAD
    0x080020bc   0x080020bc   0x00000002   Code   RO          857    .text.HAL_UART_ErrorCallback  stm32f1xx_hal_uart.o
    0x080020be   0x080020be   0x00000002   PAD
    0x080020c0   0x080020c0   0x000002f2   Code   RO          851    .text.HAL_UART_IRQHandler  stm32f1xx_hal_uart.o
    0x080023b2   0x080023b2   0x00000002   PAD
    0x080023b4   0x080023b4   0x000000dc   Code   RO          775    .text.HAL_UART_Init  stm32f1xx_hal_uart.o
    0x08002490   0x08002490   0x0000008e   Code   RO           57    .text.HAL_UART_MspInit  usart.o
    0x0800251e   0x0800251e   0x00000002   PAD
    0x08002520   0x08002520   0x00000002   Code   RO          865    .text.HAL_UART_RxCpltCallback  stm32f1xx_hal_uart.o
    0x08002522   0x08002522   0x00000002   PAD
    0x08002524   0x08002524   0x000000ee   Code   RO          789    .text.HAL_UART_Transmit  stm32f1xx_hal_uart.o
    0x08002612   0x08002612   0x00000002   PAD
    0x08002614   0x08002614   0x00000002   Code   RO          861    .text.HAL_UART_TxCpltCallback  stm32f1xx_hal_uart.o
    0x08002616   0x08002616   0x00000002   PAD
    0x08002618   0x08002618   0x00000002   Code   RO           72    .text.HardFault_Handler  stm32f1xx_it.o
    0x0800261a   0x0800261a   0x00000002   PAD
    0x0800261c   0x0800261c   0x000000b6   Code   RO           31    .text.MX_GPIO_Init  gpio.o
    0x080026d2   0x080026d2   0x00000002   PAD
    0x080026d4   0x080026d4   0x0000007c   Code   RO           40    .text.MX_TIM3_Init  tim.o
    0x08002750   0x08002750   0x00000038   Code   RO           55    .text.MX_USART1_UART_Init  usart.o
    0x08002788   0x08002788   0x00000002   Code   RO           74    .text.MemManage_Handler  stm32f1xx_it.o
    0x0800278a   0x0800278a   0x00000002   PAD
    0x0800278c   0x0800278c   0x00000020   Code   RO          937    .text.MySPI_Init    _myspi_.o
    0x080027ac   0x080027ac   0x00000098   Code   RO          947    .text.MySPI_ReadReg_Continue  _myspi_.o
    0x08002844   0x08002844   0x00000032   Code   RO          943    .text.MySPI_WriteReg  _myspi_.o
    0x08002876   0x08002876   0x00000002   PAD
    0x08002878   0x08002878   0x00000048   Code   RO          945    .text.MySPI_WriteReg_Continue  _myspi_.o
    0x080028c0   0x080028c0   0x00000060   Code   RO          939    .text.My_SPI_ReadWriteByte  _myspi_.o
    0x08002920   0x08002920   0x00000002   Code   RO           70    .text.NMI_Handler   stm32f1xx_it.o
    0x08002922   0x08002922   0x00000002   PAD
    0x08002924   0x08002924   0x00000002   Code   RO           84    .text.PendSV_Handler  stm32f1xx_it.o
    0x08002926   0x08002926   0x00000002   PAD
    0x08002928   0x08002928   0x00000002   Code   RO           80    .text.SVC_Handler   stm32f1xx_it.o
    0x0800292a   0x0800292a   0x00000002   PAD
    0x0800292c   0x0800292c   0x00000008   Code   RO           86    .text.SysTick_Handler  stm32f1xx_it.o
    0x08002934   0x08002934   0x00000002   Code   RO          895    .text.SystemInit    system_stm32f1xx.o
    0x08002936   0x08002936   0x00000002   PAD
    0x08002938   0x08002938   0x00000010   Code   RO           88    .text.TIM3_IRQHandler  stm32f1xx_it.o
    0x08002948   0x08002948   0x00000010   Code   RO          855    .text.UART_DMAAbortOnError  stm32f1xx_hal_uart.o
    0x08002958   0x08002958   0x000000c8   Code   RO          853    .text.UART_Receive_IT  stm32f1xx_hal_uart.o
    0x08002a20   0x08002a20   0x00000010   Code   RO           90    .text.USART1_IRQHandler  stm32f1xx_it.o
    0x08002a30   0x08002a30   0x00000002   Code   RO           78    .text.UsageFault_Handler  stm32f1xx_it.o
    0x08002a32   0x08002a32   0x00000002   PAD
    0x08002a34   0x08002a34   0x0000001e   Code   RO           11    .text.fputc         main.o
    0x08002a52   0x08002a52   0x00000002   PAD
    0x08002a54   0x08002a54   0x00000118   Code   RO           13    .text.main          main.o
    0x08002b6c   0x08002b6c   0x00000020   Code   RO         1261    i.__0printf         mc_w.l(printfa.o)
    0x08002b8c   0x08002b8c   0x00000026   Code   RO         1305    i.__ARM_fpclassifyf  m_ws.l(fpclassifyf.o)
    0x08002bb2   0x08002bb2   0x00000006   Code   RO         1308    i.__mathlib_flt_infnan  m_ws.l(funder.o)
    0x08002bb8   0x08002bb8   0x00000004   Code   RO         1309    i.__mathlib_flt_infnan2  m_ws.l(funder.o)
    0x08002bbc   0x08002bbc   0x00000008   Code   RO         1310    i.__mathlib_flt_invalid  m_ws.l(funder.o)
    0x08002bc4   0x08002bc4   0x0000000a   Code   RO         1313    i.__mathlib_flt_underflow  m_ws.l(funder.o)
    0x08002bce   0x08002bce   0x0000000e   Code   RO         1400    i.__scatterload_copy  mc_w.l(handlers.o)
    0x08002bdc   0x08002bdc   0x00000002   Code   RO         1401    i.__scatterload_null  mc_w.l(handlers.o)
    0x08002bde   0x08002bde   0x0000000e   Code   RO         1402    i.__scatterload_zeroinit  mc_w.l(handlers.o)
    0x08002bec   0x08002bec   0x0000000c   Code   RO         1358    i.__set_errno       mc_w.l(errno.o)
    0x08002bf8   0x08002bf8   0x00000184   Code   RO         1268    i._fp_digits        mc_w.l(printfa.o)
    0x08002d7c   0x08002d7c   0x000006dc   Code   RO         1269    i._printf_core      mc_w.l(printfa.o)
    0x08003458   0x08003458   0x00000024   Code   RO         1270    i._printf_post_padding  mc_w.l(printfa.o)
    0x0800347c   0x0800347c   0x0000002e   Code   RO         1271    i._printf_pre_padding  mc_w.l(printfa.o)
    0x080034aa   0x080034aa   0x00000002   PAD
    0x080034ac   0x080034ac   0x00000124   Code   RO         1006    i.asinf             m_ws.l(asinf.o)
    0x080035d0   0x080035d0   0x000002a4   Code   RO         1010    i.atan2f            m_ws.l(atan2f.o)
    0x08003874   0x08003874   0x00000028   Code   RO         1017    i.fmaxf             m_ws.l(fmaxf.o)
    0x0800389c   0x0800389c   0x00000024   Code   RO         1022    i.puts              mc_w.l(puts.o)
    0x080038c0   0x080038c0   0x0000002c   Code   RO         1325    i.sqrtf             m_ws.l(sqrtf.o)
    0x080038ec   0x080038ec   0x00000010   Data   RO          900    .rodata.AHBPrescTable  system_stm32f1xx.o
    0x080038fc   0x080038fc   0x00000008   Data   RO          901    .rodata.APBPrescTable  system_stm32f1xx.o
    0x08003904   0x08003904   0x00000002   Data   RO          531    .rodata.HAL_RCC_GetSysClockFreq.aPredivFactorTable  stm32f1xx_hal_rcc.o
    0x08003906   0x08003906   0x00002000   Data   RO          987    .rodata.bmi270_config_file  bmi270.o
    0x08005906   0x08005906   0x00000010   Data   RO          530    .rodata.cst16       stm32f1xx_hal_rcc.o
    0x08005916   0x08005916   0x00000002   PAD
    0x08005918   0x08005918   0x00000020   Data   RO         1399    Region$$Table       anon$$obj.o


    Execution Region RW_IRAM1 (Exec base: 0x20000000, Load base: 0x08005938, Size: 0x00000500, Max: 0x00005000, ABSOLUTE)

    Exec Addr    Load Addr    Size         Type   Attr      Idx    E Section Name        Object

    0x20000000   0x08005938   0x00000004   Data   RW         1342    .data               mc_w.l(stdout.o)
    0x20000004   0x0800593c   0x00000004   Data   RW         1359    .data               mc_w.l(errno.o)
    0x20000008   0x08005940   0x00000004   Data   RW          899    .data.SystemCoreClock  system_stm32f1xx.o
    0x2000000c   0x08005944   0x00000001   Data   RW          492    .data.uwTickFreq    stm32f1xx_hal.o
    0x2000000d   0x08005945   0x00000003   PAD
    0x20000010   0x08005948   0x00000004   Data   RW          491    .data.uwTickPrio    stm32f1xx_hal.o
    0x20000014   0x0800594c   0x00000004   PAD
    0x20000018        -       0x00000001   Zero   RW          996    .bss.BMI270_Get_Angle_Plus.first_run  bmi270.o
    0x20000019   0x0800594c   0x00000003   PAD
    0x2000001c        -       0x00000004   Zero   RW          989    .bss.BMI270_Get_Angle_Plus.integralX  bmi270.o
    0x20000020        -       0x00000004   Zero   RW          990    .bss.BMI270_Get_Angle_Plus.integralY  bmi270.o
    0x20000024        -       0x00000004   Zero   RW          991    .bss.BMI270_Get_Angle_Plus.integralZ  bmi270.o
    0x20000028        -       0x00000004   Zero   RW          995    .bss.BMI270_Get_Angle_Plus.last_yaw  bmi270.o
    0x2000002c        -       0x00000004   Zero   RW          994    .bss.BMI270_Get_Angle_Plus.unwrapped_yaw  bmi270.o
    0x20000030        -       0x00000004   Zero   RW          992    .bss.bmi270_accelScale  bmi270.o
    0x20000034        -       0x00000004   Zero   RW          993    .bss.bmi270_gyroScale  bmi270.o
    0x20000038        -       0x00000030   Zero   RW           21    .bss.bmi270_ins     main.o
    0x20000068        -       0x00000048   Zero   RW           46    .bss.htim3          tim.o
    0x200000b0        -       0x00000048   Zero   RW           61    .bss.huart1         usart.o
    0x200000f8        -       0x00000004   Zero   RW          493    .bss.uwTick         stm32f1xx_hal.o
    0x200000fc   0x0800594c   0x00000004   PAD
    0x20000100        -       0x00000400   Zero   RW            1    STACK               startup_stm32f103xb.o


==============================================================================

Image component sizes


      Code (inc. data)   RO Data    RW Data    ZI Data      Debug   Object Name

       402          0          0          0          0       3084   _myspi_.o
      1964          0       8192          0         29       6856   bmi270.o
       182          0          0          0          0       1630   gpio.o
       352         56          0          0         48       6071   main.o
        36          8        236          0       1024        816   startup_stm32f103xb.o
       196          0          0          5          4       5791   stm32f1xx_hal.o
       194          0          0          0          0       8575   stm32f1xx_hal_cortex.o
       236          0          0          0          0       7631   stm32f1xx_hal_dma.o
       526         20          0          0          0       4724   stm32f1xx_hal_gpio.o
        66          0          0          0          0       1251   stm32f1xx_hal_msp.o
      1334          0         18          0          0       7648   stm32f1xx_hal_rcc.o
      1078          0          0          0          0      55198   stm32f1xx_hal_tim.o
       122          0          0          0          0      21023   stm32f1xx_hal_tim_ex.o
      1436          0          0          0          0      27365   stm32f1xx_hal_uart.o
        56          0          0          0          0       2382   stm32f1xx_it.o
         2          0         24          4          0       1677   system_stm32f1xx.o
       192          0          0          0         72       5710   tim.o
       198          0          0          0         72       5314   usart.o

    ----------------------------------------------------------------------
      8656         84       8504         12       1260     172746   Object Totals
         0          0         32          0          0          0   (incl. Generated)
        84          0          2          3         11          0   (incl. Padding)

    ----------------------------------------------------------------------

      Code (inc. data)   RO Data    RW Data    ZI Data      Debug   Library Member Name

       292         38          0          0          0        120   asinf.o
       676         78          0          0          0        116   atan2f.o
        40          0          0          0          0         80   fmaxf.o
        38          0          0          0          0         68   fpclassifyf.o
        28          0          0          0          0        272   funder.o
        44          0          0          0          0         80   sqrtf.o
         0          0          0          0          0          0   entry.o
         0          0          0          0          0          0   entry10a.o
         0          0          0          0          0          0   entry11a.o
         8          4          0          0          0          0   entry2.o
         4          0          0          0          0          0   entry5.o
         0          0          0          0          0          0   entry7b.o
         0          0          0          0          0          0   entry8b.o
         8          4          0          0          0          0   entry9a.o
        12          6          0          4          0         68   errno.o
        30          0          0          0          0          0   handlers.o
        36          8          0          0          0         68   init.o
         0          0          0          0          0          0   iusefp.o
        30          0          0          0          0         68   llshl.o
        36          0          0          0          0         68   llsshr.o
        32          0          0          0          0         68   llushr.o
        36          0          0          0          0        108   memseta.o
      2258         90          0          0          0        452   printfa.o
        36          6          0          0          0         80   puts.o
         0          0          0          4          0          0   stdout.o
        44          0          0          0          0         80   uidiv.o
        98          0          0          0          0         92   uldiv.o
        48          0          0          0          0         68   cdrcmple.o
       334          0          0          0          0        148   dadd.o
       222          0          0          0          0        100   ddiv.o
       186          0          0          0          0        176   depilogue.o
        48          0          0          0          0         68   dfixul.o
       228          0          0          0          0         96   dmul.o
        38          0          0          0          0         68   f2d.o
       176          0          0          0          0        140   fadd.o
        54          0          0          0          0         68   fcmp4.o
        28          0          0          0          0         68   fcmpge.o
        28          0          0          0          0         68   fcmpgt.o
        28          0          0          0          0         68   fcmple.o
       124          0          0          0          0         88   fdiv.o
       110          0          0          0          0        168   fepilogue.o
        18          0          0          0          0         68   fflti.o
       100          0          0          0          0         76   fmul.o
        24          0          0          0          0         68   fscalb.o
        94          0          0          0          0         96   fsqrt.o

    ----------------------------------------------------------------------
      5680        234          0          8          0       3588   Library Totals
         6          0          0          0          0          0   (incl. Padding)

    ----------------------------------------------------------------------

      Code (inc. data)   RO Data    RW Data    ZI Data      Debug   Library Name

      1118        116          0          0          0        736   m_ws.l
      2668        118          0          8          0       1152   mc_w.l
      1888          0          0          0          0       1700   mf_w.l

    ----------------------------------------------------------------------
      5680        234          0          8          0       3588   Library Totals

    ----------------------------------------------------------------------

==============================================================================


      Code (inc. data)   RO Data    RW Data    ZI Data      Debug   

     14336        318       8504         20       1260     174190   Grand Totals
     14336        318       8504         20       1260     174190   ELF Image Totals
     14336        318       8504         20          0          0   ROM Totals

==============================================================================

    Total RO  Size (Code + RO Data)                22840 (  22.30kB)
    Total RW  Size (RW Data + ZI Data)              1280 (   1.25kB)
    Total ROM Size (Code + RO Data + RW Data)      22860 (  22.32kB)

==============================================================================

